
 /----------------------------------------------------------------------------\
 |                                                                            |
 |  yosys -- Yosys Open SYnthesis Suite                                       |
 |                                                                            |
 |  Copyright (C) 2012 - 2020  Claire Xenia Wolf <claire@yosyshq.com>         |
 |                                                                            |
 |  Permission to use, copy, modify, and/or distribute this software for any  |
 |  purpose with or without fee is hereby granted, provided that the above    |
 |  copyright notice and this permission notice appear in all copies.         |
 |                                                                            |
 |  THE SOFTWARE IS PROVIDED "AS IS" AND THE AUTHOR DISCLAIMS ALL WARRANTIES  |
 |  WITH REGARD TO THIS SOFTWARE INCLUDING ALL IMPLIED WARRANTIES OF          |
 |  MERCHANTABILITY AND FITNESS. IN NO EVENT SHALL THE AUTHOR BE LIABLE FOR   |
 |  ANY SPECIAL, DIRECT, INDIRECT, OR CONSEQUENTIAL DAMAGES OR ANY DAMAGES    |
 |  WHATSOEVER RESULTING FROM LOSS OF USE, DATA OR PROFITS, WHETHER IN AN     |
 |  ACTION OF CONTRACT, NEGLIGENCE OR OTHER TORTIOUS ACTION, ARISING OUT OF   |
 |  OR IN CONNECTION WITH THE USE OR PERFORMANCE OF THIS SOFTWARE.            |
 |                                                                            |
 \----------------------------------------------------------------------------/

 Yosys 0.33 (git sha1 2584903a060)


-- Executing script file `CORDIC_Iterative_Synthesis_run.tcl' --

1. Executing Liberty frontend: /mnt/d/VLSI/Projects/NangateOpenCellLibrary_typical.lib
Imported 135 cell types from liberty file.

2. Executing Verilog-2005 frontend: cordic_iterative.v
Parsing Verilog input from `cordic_iterative.v' to AST representation.
Generating RTLIL representation for module `\CORDIC_ITER'.
Successfully finished Verilog frontend.

3. Executing HIERARCHY pass (managing design hierarchy).

3.1. Analyzing design hierarchy..
Top module:  \CORDIC_ITER

3.2. Analyzing design hierarchy..
Top module:  \CORDIC_ITER
Removed 0 unused modules.

4. Executing PROC pass (convert processes to netlists).

4.1. Executing PROC_CLEAN pass (remove empty switches from decision trees).
Cleaned up 0 empty switches.

4.2. Executing PROC_RMDEAD pass (remove dead branches from decision trees).
Marked 3 switch rules as full_case in process $proc$cordic_iterative.v:246$26 in module CORDIC_ITER.
Marked 1 switch rules as full_case in process $proc$cordic_iterative.v:238$25 in module CORDIC_ITER.
Marked 1 switch rules as full_case in process $proc$cordic_iterative.v:217$23 in module CORDIC_ITER.
Marked 1 switch rules as full_case in process $proc$cordic_iterative.v:200$22 in module CORDIC_ITER.
Marked 1 switch rules as full_case in process $proc$cordic_iterative.v:190$20 in module CORDIC_ITER.
Marked 1 switch rules as full_case in process $proc$cordic_iterative.v:160$19 in module CORDIC_ITER.
Removed 1 dead cases from process $proc$cordic_iterative.v:88$18 in module CORDIC_ITER.
Marked 1 switch rules as full_case in process $proc$cordic_iterative.v:88$18 in module CORDIC_ITER.
Marked 3 switch rules as full_case in process $proc$cordic_iterative.v:51$2 in module CORDIC_ITER.
Removed 1 dead cases from process $proc$cordic_iterative.v:26$1 in module CORDIC_ITER.
Marked 1 switch rules as full_case in process $proc$cordic_iterative.v:26$1 in module CORDIC_ITER.
Removed a total of 2 dead cases.

4.3. Executing PROC_PRUNE pass (remove redundant assignments in processes).
Removed 5 redundant assignments.
Promoted 14 assignments to connections.

4.4. Executing PROC_INIT pass (extract init attributes).

4.5. Executing PROC_ARST pass (detect async resets in processes).

4.6. Executing PROC_ROM pass (convert switches to ROMs).
Converted 1 switch.
<suppressed ~12 debug messages>

4.7. Executing PROC_MUX pass (convert decision trees to multiplexers).
Creating decoders for process `\CORDIC_ITER.$proc$cordic_iterative.v:246$26'.
     1/3: $3\next_state[1:0]
     2/3: $2\next_state[1:0]
     3/3: $1\next_state[1:0]
Creating decoders for process `\CORDIC_ITER.$proc$cordic_iterative.v:238$25'.
     1/1: $0\state[1:0]
Creating decoders for process `\CORDIC_ITER.$proc$cordic_iterative.v:217$23'.
     1/4: $1\sine[15:0]
     2/4: $1\cosine[15:0]
     3/4: $1\theta[15:0]
     4/4: $1\mag[15:0]
Creating decoders for process `\CORDIC_ITER.$proc$cordic_iterative.v:200$22'.
     1/3: $0\theta_reg[15:0]
     2/3: $0\y_reg[15:0]
     3/3: $0\x_reg[15:0]
Creating decoders for process `\CORDIC_ITER.$proc$cordic_iterative.v:190$20'.
     1/1: $0\i[3:0]
Creating decoders for process `\CORDIC_ITER.$proc$cordic_iterative.v:160$19'.
     1/3: $1\theta_mux_out[15:0]
     2/3: $1\y_mux_out[15:0]
     3/3: $1\x_mux_out[15:0]
Creating decoders for process `\CORDIC_ITER.$proc$cordic_iterative.v:88$18'.
     1/2: $1\y_shift[15:0]
     2/2: $1\x_shift[15:0]
Creating decoders for process `\CORDIC_ITER.$proc$cordic_iterative.v:51$2'.
     1/9: $3\theta_adder[15:0]
     2/9: $3\y_adder[15:0]
     3/9: $3\x_adder[15:0]
     4/9: $2\theta_adder[15:0]
     5/9: $2\y_adder[15:0]
     6/9: $2\x_adder[15:0]
     7/9: $1\theta_adder[15:0]
     8/9: $1\y_adder[15:0]
     9/9: $1\x_adder[15:0]
Creating decoders for process `\CORDIC_ITER.$proc$cordic_iterative.v:26$1'.
     1/1: $1\angle[15:0]

4.8. Executing PROC_DLATCH pass (convert process syncs to latches).
No latch inferred for signal `\CORDIC_ITER.\next_state' from process `\CORDIC_ITER.$proc$cordic_iterative.v:246$26'.
No latch inferred for signal `\CORDIC_ITER.\sine' from process `\CORDIC_ITER.$proc$cordic_iterative.v:217$23'.
No latch inferred for signal `\CORDIC_ITER.\cosine' from process `\CORDIC_ITER.$proc$cordic_iterative.v:217$23'.
No latch inferred for signal `\CORDIC_ITER.\mag' from process `\CORDIC_ITER.$proc$cordic_iterative.v:217$23'.
No latch inferred for signal `\CORDIC_ITER.\theta' from process `\CORDIC_ITER.$proc$cordic_iterative.v:217$23'.
No latch inferred for signal `\CORDIC_ITER.\x_mux_out' from process `\CORDIC_ITER.$proc$cordic_iterative.v:160$19'.
No latch inferred for signal `\CORDIC_ITER.\y_mux_out' from process `\CORDIC_ITER.$proc$cordic_iterative.v:160$19'.
No latch inferred for signal `\CORDIC_ITER.\theta_mux_out' from process `\CORDIC_ITER.$proc$cordic_iterative.v:160$19'.
No latch inferred for signal `\CORDIC_ITER.\x_shift' from process `\CORDIC_ITER.$proc$cordic_iterative.v:88$18'.
No latch inferred for signal `\CORDIC_ITER.\y_shift' from process `\CORDIC_ITER.$proc$cordic_iterative.v:88$18'.
No latch inferred for signal `\CORDIC_ITER.\x_adder' from process `\CORDIC_ITER.$proc$cordic_iterative.v:51$2'.
No latch inferred for signal `\CORDIC_ITER.\y_adder' from process `\CORDIC_ITER.$proc$cordic_iterative.v:51$2'.
No latch inferred for signal `\CORDIC_ITER.\theta_adder' from process `\CORDIC_ITER.$proc$cordic_iterative.v:51$2'.
No latch inferred for signal `\CORDIC_ITER.\angle' from process `\CORDIC_ITER.$proc$cordic_iterative.v:26$1'.

4.9. Executing PROC_DFF pass (convert process syncs to FFs).
Creating register for signal `\CORDIC_ITER.\state' using process `\CORDIC_ITER.$proc$cordic_iterative.v:238$25'.
  created $dff cell `$procdff$175' with positive edge clock.
Creating register for signal `\CORDIC_ITER.\x_reg' using process `\CORDIC_ITER.$proc$cordic_iterative.v:200$22'.
  created $dff cell `$procdff$176' with positive edge clock.
Creating register for signal `\CORDIC_ITER.\y_reg' using process `\CORDIC_ITER.$proc$cordic_iterative.v:200$22'.
  created $dff cell `$procdff$177' with positive edge clock.
Creating register for signal `\CORDIC_ITER.\theta_reg' using process `\CORDIC_ITER.$proc$cordic_iterative.v:200$22'.
  created $dff cell `$procdff$178' with positive edge clock.
Creating register for signal `\CORDIC_ITER.\i' using process `\CORDIC_ITER.$proc$cordic_iterative.v:190$20'.
  created $dff cell `$procdff$179' with positive edge clock.

4.10. Executing PROC_MEMWR pass (convert process memory writes to cells).

4.11. Executing PROC_CLEAN pass (remove empty switches from decision trees).
Found and cleaned up 3 empty switches in `\CORDIC_ITER.$proc$cordic_iterative.v:246$26'.
Removing empty process `CORDIC_ITER.$proc$cordic_iterative.v:246$26'.
Found and cleaned up 1 empty switch in `\CORDIC_ITER.$proc$cordic_iterative.v:238$25'.
Removing empty process `CORDIC_ITER.$proc$cordic_iterative.v:238$25'.
Found and cleaned up 1 empty switch in `\CORDIC_ITER.$proc$cordic_iterative.v:217$23'.
Removing empty process `CORDIC_ITER.$proc$cordic_iterative.v:217$23'.
Found and cleaned up 1 empty switch in `\CORDIC_ITER.$proc$cordic_iterative.v:200$22'.
Removing empty process `CORDIC_ITER.$proc$cordic_iterative.v:200$22'.
Found and cleaned up 1 empty switch in `\CORDIC_ITER.$proc$cordic_iterative.v:190$20'.
Removing empty process `CORDIC_ITER.$proc$cordic_iterative.v:190$20'.
Found and cleaned up 1 empty switch in `\CORDIC_ITER.$proc$cordic_iterative.v:160$19'.
Removing empty process `CORDIC_ITER.$proc$cordic_iterative.v:160$19'.
Found and cleaned up 1 empty switch in `\CORDIC_ITER.$proc$cordic_iterative.v:88$18'.
Removing empty process `CORDIC_ITER.$proc$cordic_iterative.v:88$18'.
Found and cleaned up 3 empty switches in `\CORDIC_ITER.$proc$cordic_iterative.v:51$2'.
Removing empty process `CORDIC_ITER.$proc$cordic_iterative.v:51$2'.
Found and cleaned up 1 empty switch in `\CORDIC_ITER.$proc$cordic_iterative.v:26$1'.
Removing empty process `CORDIC_ITER.$proc$cordic_iterative.v:26$1'.
Cleaned up 13 empty switches.

4.12. Executing OPT_EXPR pass (perform const folding).
Optimizing module CORDIC_ITER.
<suppressed ~22 debug messages>

5. Executing OPT pass (performing simple optimizations).

5.1. Executing OPT_EXPR pass (perform const folding).
Optimizing module CORDIC_ITER.

5.2. Executing OPT_MERGE pass (detect identical cells).
Finding identical cells in module `\CORDIC_ITER'.
<suppressed ~102 debug messages>
Removed a total of 34 cells.

5.3. Executing OPT_MUXTREE pass (detect dead branches in mux trees).
Running muxtree optimizer on module \CORDIC_ITER..
  Creating internal representation of mux trees.
  Evaluating internal representation of mux trees.
  Analyzing evaluation results.
    dead port 1/2 on $mux $procmux$163.
    dead port 1/2 on $mux $procmux$157.
    dead port 1/2 on $mux $procmux$151.
    dead port 2/2 on $mux $procmux$145.
    dead port 2/2 on $mux $procmux$139.
    dead port 2/2 on $mux $procmux$133.
    dead port 2/2 on $mux $procmux$49.
    dead port 2/2 on $mux $procmux$41.
Removed 8 multiplexer ports.
<suppressed ~12 debug messages>

5.4. Executing OPT_REDUCE pass (consolidate $*mux and $reduce_* inputs).
  Optimizing cells in module \CORDIC_ITER.
Performed a total of 0 changes.

5.5. Executing OPT_MERGE pass (detect identical cells).
Finding identical cells in module `\CORDIC_ITER'.
Removed a total of 0 cells.

5.6. Executing OPT_DFF pass (perform DFF optimizations).
Adding SRST signal on $procdff$179 ($dff) from module CORDIC_ITER (D = $add$cordic_iterative.v:193$21_Y [3:0], Q = \i, rval = 4'0000).
Adding SRST signal on $procdff$178 ($dff) from module CORDIC_ITER (D = \theta_mux_out, Q = \theta_reg, rval = 16'0000000000000000).
Adding SRST signal on $procdff$175 ($dff) from module CORDIC_ITER (D = \next_state, Q = \state, rval = 2'00).
Adding SRST signal on $procdff$176 ($dff) from module CORDIC_ITER (D = \x_mux_out, Q = \x_reg, rval = 16'0000000000000000).
Adding SRST signal on $procdff$177 ($dff) from module CORDIC_ITER (D = \y_mux_out, Q = \y_reg, rval = 16'0000000000000000).

5.7. Executing OPT_CLEAN pass (remove unused cells and wires).
Finding unused cells or wires in module \CORDIC_ITER..
Removed 6 unused cells and 133 unused wires.
<suppressed ~7 debug messages>

5.8. Executing OPT_EXPR pass (perform const folding).
Optimizing module CORDIC_ITER.

5.9. Rerunning OPT passes. (Maybe there is more to do..)

5.10. Executing OPT_MUXTREE pass (detect dead branches in mux trees).
Running muxtree optimizer on module \CORDIC_ITER..
  Creating internal representation of mux trees.
  Evaluating internal representation of mux trees.
  Analyzing evaluation results.
Removed 0 multiplexer ports.
<suppressed ~11 debug messages>

5.11. Executing OPT_REDUCE pass (consolidate $*mux and $reduce_* inputs).
  Optimizing cells in module \CORDIC_ITER.
Performed a total of 0 changes.

5.12. Executing OPT_MERGE pass (detect identical cells).
Finding identical cells in module `\CORDIC_ITER'.
Removed a total of 0 cells.

5.13. Executing OPT_DFF pass (perform DFF optimizations).
Adding EN signal on $auto$ff.cc:266:slice$184 ($sdff) from module CORDIC_ITER (D = \y_mux_out, Q = \y_reg).
Adding EN signal on $auto$ff.cc:266:slice$183 ($sdff) from module CORDIC_ITER (D = \x_mux_out, Q = \x_reg).
Adding EN signal on $auto$ff.cc:266:slice$181 ($sdff) from module CORDIC_ITER (D = \theta_mux_out, Q = \theta_reg).

5.14. Executing OPT_CLEAN pass (remove unused cells and wires).
Finding unused cells or wires in module \CORDIC_ITER..

5.15. Executing OPT_EXPR pass (perform const folding).
Optimizing module CORDIC_ITER.
<suppressed ~6 debug messages>

5.16. Rerunning OPT passes. (Maybe there is more to do..)

5.17. Executing OPT_MUXTREE pass (detect dead branches in mux trees).
Running muxtree optimizer on module \CORDIC_ITER..
  Creating internal representation of mux trees.
  Evaluating internal representation of mux trees.
  Analyzing evaluation results.
Removed 0 multiplexer ports.
<suppressed ~11 debug messages>

5.18. Executing OPT_REDUCE pass (consolidate $*mux and $reduce_* inputs).
  Optimizing cells in module \CORDIC_ITER.
Performed a total of 0 changes.

5.19. Executing OPT_MERGE pass (detect identical cells).
Finding identical cells in module `\CORDIC_ITER'.
<suppressed ~6 debug messages>
Removed a total of 2 cells.

5.20. Executing OPT_DFF pass (perform DFF optimizations).

5.21. Executing OPT_CLEAN pass (remove unused cells and wires).
Finding unused cells or wires in module \CORDIC_ITER..
Removed 1 unused cells and 3 unused wires.
<suppressed ~2 debug messages>

5.22. Executing OPT_EXPR pass (perform const folding).
Optimizing module CORDIC_ITER.

5.23. Rerunning OPT passes. (Maybe there is more to do..)

5.24. Executing OPT_MUXTREE pass (detect dead branches in mux trees).
Running muxtree optimizer on module \CORDIC_ITER..
  Creating internal representation of mux trees.
  Evaluating internal representation of mux trees.
  Analyzing evaluation results.
Removed 0 multiplexer ports.
<suppressed ~11 debug messages>

5.25. Executing OPT_REDUCE pass (consolidate $*mux and $reduce_* inputs).
  Optimizing cells in module \CORDIC_ITER.
Performed a total of 0 changes.

5.26. Executing OPT_MERGE pass (detect identical cells).
Finding identical cells in module `\CORDIC_ITER'.
Removed a total of 0 cells.

5.27. Executing OPT_DFF pass (perform DFF optimizations).

5.28. Executing OPT_CLEAN pass (remove unused cells and wires).
Finding unused cells or wires in module \CORDIC_ITER..

5.29. Executing OPT_EXPR pass (perform const folding).
Optimizing module CORDIC_ITER.

5.30. Finished OPT passes. (There is nothing left to do.)

6. Executing FSM pass (extract and optimize FSM).

6.1. Executing FSM_DETECT pass (finding FSMs in design).

6.2. Executing FSM_EXTRACT pass (extracting FSM from design).

6.3. Executing FSM_OPT pass (simple optimizations of FSMs).

6.4. Executing OPT_CLEAN pass (remove unused cells and wires).
Finding unused cells or wires in module \CORDIC_ITER..

6.5. Executing FSM_OPT pass (simple optimizations of FSMs).

6.6. Executing FSM_RECODE pass (re-assigning FSM state encoding).

6.7. Executing FSM_INFO pass (dumping all available information on FSM cells).

6.8. Executing FSM_MAP pass (mapping FSMs to basic logic).

7. Executing OPT pass (performing simple optimizations).

7.1. Executing OPT_EXPR pass (perform const folding).
Optimizing module CORDIC_ITER.

7.2. Executing OPT_MERGE pass (detect identical cells).
Finding identical cells in module `\CORDIC_ITER'.
Removed a total of 0 cells.

7.3. Executing OPT_MUXTREE pass (detect dead branches in mux trees).
Running muxtree optimizer on module \CORDIC_ITER..
  Creating internal representation of mux trees.
  Evaluating internal representation of mux trees.
  Analyzing evaluation results.
Removed 0 multiplexer ports.
<suppressed ~11 debug messages>

7.4. Executing OPT_REDUCE pass (consolidate $*mux and $reduce_* inputs).
  Optimizing cells in module \CORDIC_ITER.
Performed a total of 0 changes.

7.5. Executing OPT_MERGE pass (detect identical cells).
Finding identical cells in module `\CORDIC_ITER'.
Removed a total of 0 cells.

7.6. Executing OPT_DFF pass (perform DFF optimizations).

7.7. Executing OPT_CLEAN pass (remove unused cells and wires).
Finding unused cells or wires in module \CORDIC_ITER..

7.8. Executing OPT_EXPR pass (perform const folding).
Optimizing module CORDIC_ITER.

7.9. Finished OPT passes. (There is nothing left to do.)

8. Executing MEMORY pass.

8.1. Executing OPT_MEM pass (optimize memories).
CORDIC_ITER.$auto$proc_rom.cc:150:do_switch$33: removing const-0 lane 14
CORDIC_ITER.$auto$proc_rom.cc:150:do_switch$33: removing const-0 lane 15
Performed a total of 1 transformations.

8.2. Executing OPT_MEM_PRIORITY pass (removing unnecessary memory write priority relations).
Performed a total of 0 transformations.

8.3. Executing OPT_MEM_FEEDBACK pass (finding memory read-to-write feedback paths).

8.4. Executing MEMORY_BMUX2ROM pass (converting muxes to ROMs).

8.5. Executing MEMORY_DFF pass (merging $dff cells to $memrd).
Checking read port `$auto$proc_rom.cc:150:do_switch$33'[0] in module `\CORDIC_ITER': no output FF found.
Checking read port address `$auto$proc_rom.cc:150:do_switch$33'[0] in module `\CORDIC_ITER': merged address FF to cell.

8.6. Executing OPT_CLEAN pass (remove unused cells and wires).
Finding unused cells or wires in module \CORDIC_ITER..

8.7. Executing MEMORY_SHARE pass (consolidating $memrd/$memwr cells).

8.8. Executing OPT_MEM_WIDEN pass (optimize memories where all ports are wide).
Performed a total of 0 transformations.

8.9. Executing OPT_CLEAN pass (remove unused cells and wires).
Finding unused cells or wires in module \CORDIC_ITER..

8.10. Executing MEMORY_COLLECT pass (generating $mem cells).

8.11. Executing MEMORY_MAP pass (converting memories to logic and flip-flops).
Mapping memory $auto$proc_rom.cc:150:do_switch$33 in module \CORDIC_ITER:
  created 16 $dff cells and 0 static cells of width 14.
Extracted data FF from read port 0 of CORDIC_ITER.$auto$proc_rom.cc:150:do_switch$33: $$auto$proc_rom.cc:150:do_switch$33$rdreg[0]
  read interface: 1 $dff and 15 $mux cells.
  write interface: 0 write mux blocks.

9. Executing OPT pass (performing simple optimizations).

9.1. Executing OPT_EXPR pass (perform const folding).
Optimizing module CORDIC_ITER.

9.2. Executing OPT_MERGE pass (detect identical cells).
Finding identical cells in module `\CORDIC_ITER'.
Removed a total of 0 cells.

9.3. Executing OPT_MUXTREE pass (detect dead branches in mux trees).
Running muxtree optimizer on module \CORDIC_ITER..
  Creating internal representation of mux trees.
  Evaluating internal representation of mux trees.
  Analyzing evaluation results.
Removed 0 multiplexer ports.
<suppressed ~13 debug messages>

9.4. Executing OPT_REDUCE pass (consolidate $*mux and $reduce_* inputs).
  Optimizing cells in module \CORDIC_ITER.
Performed a total of 0 changes.

9.5. Executing OPT_MERGE pass (detect identical cells).
Finding identical cells in module `\CORDIC_ITER'.
Removed a total of 0 cells.

9.6. Executing OPT_DFF pass (perform DFF optimizations).

9.7. Executing OPT_CLEAN pass (remove unused cells and wires).
Finding unused cells or wires in module \CORDIC_ITER..
Removed 0 unused cells and 16 unused wires.
<suppressed ~1 debug messages>

9.8. Executing OPT_EXPR pass (perform const folding).
Optimizing module CORDIC_ITER.

9.9. Rerunning OPT passes. (Maybe there is more to do..)

9.10. Executing OPT_MUXTREE pass (detect dead branches in mux trees).
Running muxtree optimizer on module \CORDIC_ITER..
  Creating internal representation of mux trees.
  Evaluating internal representation of mux trees.
  Analyzing evaluation results.
Removed 0 multiplexer ports.
<suppressed ~13 debug messages>

9.11. Executing OPT_REDUCE pass (consolidate $*mux and $reduce_* inputs).
  Optimizing cells in module \CORDIC_ITER.
Performed a total of 0 changes.

9.12. Executing OPT_MERGE pass (detect identical cells).
Finding identical cells in module `\CORDIC_ITER'.
Removed a total of 0 cells.

9.13. Executing OPT_DFF pass (perform DFF optimizations).

9.14. Executing OPT_CLEAN pass (remove unused cells and wires).
Finding unused cells or wires in module \CORDIC_ITER..

9.15. Executing OPT_EXPR pass (perform const folding).
Optimizing module CORDIC_ITER.

9.16. Finished OPT passes. (There is nothing left to do.)

10. Executing TECHMAP pass (map to technology primitives).

10.1. Executing Verilog-2005 frontend: /usr/bin/../share/yosys/techmap.v
Parsing Verilog input from `/usr/bin/../share/yosys/techmap.v' to AST representation.
Generating RTLIL representation for module `\_90_simplemap_bool_ops'.
Generating RTLIL representation for module `\_90_simplemap_reduce_ops'.
Generating RTLIL representation for module `\_90_simplemap_logic_ops'.
Generating RTLIL representation for module `\_90_simplemap_compare_ops'.
Generating RTLIL representation for module `\_90_simplemap_various'.
Generating RTLIL representation for module `\_90_simplemap_registers'.
Generating RTLIL representation for module `\_90_shift_ops_shr_shl_sshl_sshr'.
Generating RTLIL representation for module `\_90_shift_shiftx'.
Generating RTLIL representation for module `\_90_fa'.
Generating RTLIL representation for module `\_90_lcu'.
Generating RTLIL representation for module `\_90_alu'.
Generating RTLIL representation for module `\_90_macc'.
Generating RTLIL representation for module `\_90_alumacc'.
Generating RTLIL representation for module `\$__div_mod_u'.
Generating RTLIL representation for module `\$__div_mod_trunc'.
Generating RTLIL representation for module `\_90_div'.
Generating RTLIL representation for module `\_90_mod'.
Generating RTLIL representation for module `\$__div_mod_floor'.
Generating RTLIL representation for module `\_90_divfloor'.
Generating RTLIL representation for module `\_90_modfloor'.
Generating RTLIL representation for module `\_90_pow'.
Generating RTLIL representation for module `\_90_pmux'.
Generating RTLIL representation for module `\_90_demux'.
Generating RTLIL representation for module `\_90_lut'.
Successfully finished Verilog frontend.

10.2. Continuing TECHMAP pass.
Running "alumacc" on wrapper $extern:wrap:$sub:A_SIGNED=1:A_WIDTH=16:B_SIGNED=1:B_WIDTH=16:Y_WIDTH=16:394426c56d1a028ba8fdd5469b163e04011def47.
Using template $extern:wrap:$sub:A_SIGNED=1:A_WIDTH=16:B_SIGNED=1:B_WIDTH=16:Y_WIDTH=16:394426c56d1a028ba8fdd5469b163e04011def47 for cells of type $extern:wrap:$sub:A_SIGNED=1:A_WIDTH=16:B_SIGNED=1:B_WIDTH=16:Y_WIDTH=16:394426c56d1a028ba8fdd5469b163e04011def47.
Running "alumacc" on wrapper $extern:wrap:$add:A_SIGNED=1:A_WIDTH=16:B_SIGNED=1:B_WIDTH=16:Y_WIDTH=16:394426c56d1a028ba8fdd5469b163e04011def47.
Using template $extern:wrap:$add:A_SIGNED=1:A_WIDTH=16:B_SIGNED=1:B_WIDTH=16:Y_WIDTH=16:394426c56d1a028ba8fdd5469b163e04011def47 for cells of type $extern:wrap:$add:A_SIGNED=1:A_WIDTH=16:B_SIGNED=1:B_WIDTH=16:Y_WIDTH=16:394426c56d1a028ba8fdd5469b163e04011def47.
Running "alumacc" on wrapper $extern:wrap:$add:A_SIGNED=0:A_WIDTH=4:B_SIGNED=0:B_WIDTH=32:Y_WIDTH=32:394426c56d1a028ba8fdd5469b163e04011def47.
Using template $extern:wrap:$add:A_SIGNED=0:A_WIDTH=4:B_SIGNED=0:B_WIDTH=32:Y_WIDTH=32:394426c56d1a028ba8fdd5469b163e04011def47 for cells of type $extern:wrap:$add:A_SIGNED=0:A_WIDTH=4:B_SIGNED=0:B_WIDTH=32:Y_WIDTH=32:394426c56d1a028ba8fdd5469b163e04011def47.
Using extmapper simplemap for cells of type $mux.
Using extmapper simplemap for cells of type $dff.
Using extmapper simplemap for cells of type $sdff.
Using template $paramod$521ce43182eecb9f60c72393a788160d2c356bf5\_90_pmux for cells of type $pmux.
Using extmapper simplemap for cells of type $logic_not.
Using template $paramod$0d149ffe75563ef6fcc1a3dddc59d00af28651a7\_90_pmux for cells of type $pmux.
Using extmapper simplemap for cells of type $eq.
Using template $paramod$de91941a80104a781d89455c89227cbd386bf4f4\_90_pmux for cells of type $pmux.
Using extmapper simplemap for cells of type $sdffe.
Using template $paramod$d4c0c20b0ee59f495e14575c4397dc0a6dd9e8e6\_90_alu for cells of type $alu.
Using template $paramod$a7817265ef3ab2ee43da53bbd8a90f6450d412d9\_90_alu for cells of type $alu.
Using extmapper simplemap for cells of type $reduce_or.
Using extmapper simplemap for cells of type $and.
Using extmapper simplemap for cells of type $xor.
Using template $paramod\_90_lcu\WIDTH=32'00000000000000000000000000010000 for cells of type $lcu.
Using extmapper simplemap for cells of type $pos.
Using extmapper simplemap for cells of type $not.
Using template $paramod\_90_lcu\WIDTH=32'00000000000000000000000000100000 for cells of type $lcu.
Using extmapper simplemap for cells of type $or.
No more expansions possible.
<suppressed ~1252 debug messages>

11. Executing OPT pass (performing simple optimizations).

11.1. Executing OPT_EXPR pass (perform const folding).
Optimizing module CORDIC_ITER.
<suppressed ~838 debug messages>

11.2. Executing OPT_MERGE pass (detect identical cells).
Finding identical cells in module `\CORDIC_ITER'.
<suppressed ~1593 debug messages>
Removed a total of 531 cells.

11.3. Executing OPT_MUXTREE pass (detect dead branches in mux trees).
Running muxtree optimizer on module \CORDIC_ITER..
  Creating internal representation of mux trees.
  No muxes found in this module.
Removed 0 multiplexer ports.

11.4. Executing OPT_REDUCE pass (consolidate $*mux and $reduce_* inputs).
  Optimizing cells in module \CORDIC_ITER.
Performed a total of 0 changes.

11.5. Executing OPT_MERGE pass (detect identical cells).
Finding identical cells in module `\CORDIC_ITER'.
Removed a total of 0 cells.

11.6. Executing OPT_DFF pass (perform DFF optimizations).
Adding SRST signal on $auto$ff.cc:266:slice$374 ($_DFF_P_) from module CORDIC_ITER (D = $memory$auto$proc_rom.cc:150:do_switch$33$rdmux[0][0][0]$a$199 [13], Q = \angle [13], rval = 1'0).
Adding SRST signal on $auto$ff.cc:266:slice$368 ($_DFF_P_) from module CORDIC_ITER (D = $memory$auto$proc_rom.cc:150:do_switch$33$rdmux[0][0][0]$a$199 [7], Q = \angle [7], rval = 1'0).
Adding SRST signal on $auto$ff.cc:266:slice$369 ($_DFF_P_) from module CORDIC_ITER (D = $memory$auto$proc_rom.cc:150:do_switch$33$rdmux[0][0][0]$a$199 [8], Q = \angle [8], rval = 1'0).
Adding SRST signal on $auto$ff.cc:266:slice$370 ($_DFF_P_) from module CORDIC_ITER (D = $memory$auto$proc_rom.cc:150:do_switch$33$rdmux[0][0][0]$a$199 [9], Q = \angle [9], rval = 1'0).
Adding SRST signal on $auto$ff.cc:266:slice$371 ($_DFF_P_) from module CORDIC_ITER (D = $memory$auto$proc_rom.cc:150:do_switch$33$rdmux[0][1][0]$a$202 [10], Q = \angle [10], rval = 1'0).
Adding SRST signal on $auto$ff.cc:266:slice$372 ($_DFF_P_) from module CORDIC_ITER (D = $memory$auto$proc_rom.cc:150:do_switch$33$rdmux[0][1][0]$a$202 [11], Q = \angle [11], rval = 1'0).
Adding SRST signal on $auto$ff.cc:266:slice$373 ($_DFF_P_) from module CORDIC_ITER (D = $memory$auto$proc_rom.cc:150:do_switch$33$rdmux[0][1][0]$a$202 [12], Q = \angle [12], rval = 1'0).

11.7. Executing OPT_CLEAN pass (remove unused cells and wires).
Finding unused cells or wires in module \CORDIC_ITER..
Removed 125 unused cells and 803 unused wires.
<suppressed ~126 debug messages>

11.8. Executing OPT_EXPR pass (perform const folding).
Optimizing module CORDIC_ITER.
<suppressed ~1 debug messages>

11.9. Rerunning OPT passes. (Maybe there is more to do..)

11.10. Executing OPT_MUXTREE pass (detect dead branches in mux trees).
Running muxtree optimizer on module \CORDIC_ITER..
  Creating internal representation of mux trees.
  No muxes found in this module.
Removed 0 multiplexer ports.

11.11. Executing OPT_REDUCE pass (consolidate $*mux and $reduce_* inputs).
  Optimizing cells in module \CORDIC_ITER.
Performed a total of 0 changes.

11.12. Executing OPT_MERGE pass (detect identical cells).
Finding identical cells in module `\CORDIC_ITER'.
<suppressed ~6 debug messages>
Removed a total of 2 cells.

11.13. Executing OPT_DFF pass (perform DFF optimizations).
Adding SRST signal on $auto$ff.cc:266:slice$1168 ($_SDFF_PP0_) from module CORDIC_ITER (D = $procmux$53.B_AND_S [1], Q = \state [1], rval = 1'0).
Adding SRST signal on $auto$ff.cc:266:slice$1167 ($_SDFF_PP0_) from module CORDIC_ITER (D = $procmux$53.Y_B [0], Q = \state [0], rval = 1'0).

11.14. Executing OPT_CLEAN pass (remove unused cells and wires).
Finding unused cells or wires in module \CORDIC_ITER..
Removed 2 unused cells and 6 unused wires.
<suppressed ~4 debug messages>

11.15. Executing OPT_EXPR pass (perform const folding).
Optimizing module CORDIC_ITER.

11.16. Rerunning OPT passes. (Maybe there is more to do..)

11.17. Executing OPT_MUXTREE pass (detect dead branches in mux trees).
Running muxtree optimizer on module \CORDIC_ITER..
  Creating internal representation of mux trees.
  No muxes found in this module.
Removed 0 multiplexer ports.

11.18. Executing OPT_REDUCE pass (consolidate $*mux and $reduce_* inputs).
  Optimizing cells in module \CORDIC_ITER.
Performed a total of 0 changes.

11.19. Executing OPT_MERGE pass (detect identical cells).
Finding identical cells in module `\CORDIC_ITER'.
<suppressed ~6 debug messages>
Removed a total of 2 cells.

11.20. Executing OPT_DFF pass (perform DFF optimizations).

11.21. Executing OPT_CLEAN pass (remove unused cells and wires).
Finding unused cells or wires in module \CORDIC_ITER..
Removed 0 unused cells and 2 unused wires.
<suppressed ~1 debug messages>

11.22. Executing OPT_EXPR pass (perform const folding).
Optimizing module CORDIC_ITER.

11.23. Rerunning OPT passes. (Maybe there is more to do..)

11.24. Executing OPT_MUXTREE pass (detect dead branches in mux trees).
Running muxtree optimizer on module \CORDIC_ITER..
  Creating internal representation of mux trees.
  No muxes found in this module.
Removed 0 multiplexer ports.

11.25. Executing OPT_REDUCE pass (consolidate $*mux and $reduce_* inputs).
  Optimizing cells in module \CORDIC_ITER.
Performed a total of 0 changes.

11.26. Executing OPT_MERGE pass (detect identical cells).
Finding identical cells in module `\CORDIC_ITER'.
Removed a total of 0 cells.

11.27. Executing OPT_DFF pass (perform DFF optimizations).

11.28. Executing OPT_CLEAN pass (remove unused cells and wires).
Finding unused cells or wires in module \CORDIC_ITER..

11.29. Executing OPT_EXPR pass (perform const folding).
Optimizing module CORDIC_ITER.

11.30. Finished OPT passes. (There is nothing left to do.)

12. Executing DFFLIBMAP pass (mapping DFF cells to sequential cells from liberty file).
Warning: Found unsupported expression 'SE*SI+D*!SE' in pin attribute of cell 'SDFFRS_X1' - skipping.
Warning: Found unsupported expression 'SE*SI+D*!SE' in pin attribute of cell 'SDFFRS_X2' - skipping.
Warning: Found unsupported expression 'SE*SI+D*!SE' in pin attribute of cell 'SDFFR_X1' - skipping.
Warning: Found unsupported expression 'SE*SI+D*!SE' in pin attribute of cell 'SDFFR_X2' - skipping.
Warning: Found unsupported expression 'SE*SI+D*!SE' in pin attribute of cell 'SDFFS_X1' - skipping.
Warning: Found unsupported expression 'SE*SI+D*!SE' in pin attribute of cell 'SDFFS_X2' - skipping.
Warning: Found unsupported expression 'SE*SI+D*!SE' in pin attribute of cell 'SDFF_X1' - skipping.
Warning: Found unsupported expression 'SE*SI+D*!SE' in pin attribute of cell 'SDFF_X2' - skipping.
  cell DFF_X1 (noninv, pins=4, area=4.52) is a direct match for cell type $_DFF_P_.
Warning: Found unsupported expression 'SE*SI+D*!SE' in pin attribute of cell 'SDFFRS_X1' - skipping.
Warning: Found unsupported expression 'SE*SI+D*!SE' in pin attribute of cell 'SDFFRS_X2' - skipping.
Warning: Found unsupported expression 'SE*SI+D*!SE' in pin attribute of cell 'SDFFR_X1' - skipping.
Warning: Found unsupported expression 'SE*SI+D*!SE' in pin attribute of cell 'SDFFR_X2' - skipping.
Warning: Found unsupported expression 'SE*SI+D*!SE' in pin attribute of cell 'SDFFS_X1' - skipping.
Warning: Found unsupported expression 'SE*SI+D*!SE' in pin attribute of cell 'SDFFS_X2' - skipping.
Warning: Found unsupported expression 'SE*SI+D*!SE' in pin attribute of cell 'SDFF_X1' - skipping.
Warning: Found unsupported expression 'SE*SI+D*!SE' in pin attribute of cell 'SDFF_X2' - skipping.
  cell DFFR_X1 (noninv, pins=5, area=5.32) is a direct match for cell type $_DFF_PN0_.
Warning: Found unsupported expression 'SE*SI+D*!SE' in pin attribute of cell 'SDFFRS_X1' - skipping.
Warning: Found unsupported expression 'SE*SI+D*!SE' in pin attribute of cell 'SDFFRS_X2' - skipping.
Warning: Found unsupported expression 'SE*SI+D*!SE' in pin attribute of cell 'SDFFR_X1' - skipping.
Warning: Found unsupported expression 'SE*SI+D*!SE' in pin attribute of cell 'SDFFR_X2' - skipping.
Warning: Found unsupported expression 'SE*SI+D*!SE' in pin attribute of cell 'SDFFS_X1' - skipping.
Warning: Found unsupported expression 'SE*SI+D*!SE' in pin attribute of cell 'SDFFS_X2' - skipping.
Warning: Found unsupported expression 'SE*SI+D*!SE' in pin attribute of cell 'SDFF_X1' - skipping.
Warning: Found unsupported expression 'SE*SI+D*!SE' in pin attribute of cell 'SDFF_X2' - skipping.
  cell DFFS_X1 (noninv, pins=5, area=5.32) is a direct match for cell type $_DFF_PN1_.
Warning: Found unsupported expression 'SE*SI+D*!SE' in pin attribute of cell 'SDFFRS_X1' - skipping.
Warning: Found unsupported expression 'SE*SI+D*!SE' in pin attribute of cell 'SDFFRS_X2' - skipping.
Warning: Found unsupported expression 'SE*SI+D*!SE' in pin attribute of cell 'SDFFR_X1' - skipping.
Warning: Found unsupported expression 'SE*SI+D*!SE' in pin attribute of cell 'SDFFR_X2' - skipping.
Warning: Found unsupported expression 'SE*SI+D*!SE' in pin attribute of cell 'SDFFS_X1' - skipping.
Warning: Found unsupported expression 'SE*SI+D*!SE' in pin attribute of cell 'SDFFS_X2' - skipping.
Warning: Found unsupported expression 'SE*SI+D*!SE' in pin attribute of cell 'SDFF_X1' - skipping.
Warning: Found unsupported expression 'SE*SI+D*!SE' in pin attribute of cell 'SDFF_X2' - skipping.
Warning: Found unsupported expression 'SE*SI+D*!SE' in pin attribute of cell 'SDFFRS_X1' - skipping.
Warning: Found unsupported expression 'SE*SI+D*!SE' in pin attribute of cell 'SDFFRS_X2' - skipping.
Warning: Found unsupported expression 'SE*SI+D*!SE' in pin attribute of cell 'SDFFR_X1' - skipping.
Warning: Found unsupported expression 'SE*SI+D*!SE' in pin attribute of cell 'SDFFR_X2' - skipping.
Warning: Found unsupported expression 'SE*SI+D*!SE' in pin attribute of cell 'SDFFS_X1' - skipping.
Warning: Found unsupported expression 'SE*SI+D*!SE' in pin attribute of cell 'SDFFS_X2' - skipping.
Warning: Found unsupported expression 'SE*SI+D*!SE' in pin attribute of cell 'SDFF_X1' - skipping.
Warning: Found unsupported expression 'SE*SI+D*!SE' in pin attribute of cell 'SDFF_X2' - skipping.
Warning: Found unsupported expression 'SE*SI+D*!SE' in pin attribute of cell 'SDFFRS_X1' - skipping.
Warning: Found unsupported expression 'SE*SI+D*!SE' in pin attribute of cell 'SDFFRS_X2' - skipping.
Warning: Found unsupported expression 'SE*SI+D*!SE' in pin attribute of cell 'SDFFR_X1' - skipping.
Warning: Found unsupported expression 'SE*SI+D*!SE' in pin attribute of cell 'SDFFR_X2' - skipping.
Warning: Found unsupported expression 'SE*SI+D*!SE' in pin attribute of cell 'SDFFS_X1' - skipping.
Warning: Found unsupported expression 'SE*SI+D*!SE' in pin attribute of cell 'SDFFS_X2' - skipping.
Warning: Found unsupported expression 'SE*SI+D*!SE' in pin attribute of cell 'SDFF_X1' - skipping.
Warning: Found unsupported expression 'SE*SI+D*!SE' in pin attribute of cell 'SDFF_X2' - skipping.
  cell DFFRS_X1 (noninv, pins=6, area=6.38) is a direct match for cell type $_DFFSR_PNN_.
Warning: Found unsupported expression 'SE*SI+D*!SE' in pin attribute of cell 'SDFFRS_X1' - skipping.
Warning: Found unsupported expression 'SE*SI+D*!SE' in pin attribute of cell 'SDFFRS_X2' - skipping.
Warning: Found unsupported expression 'SE*SI+D*!SE' in pin attribute of cell 'SDFFR_X1' - skipping.
Warning: Found unsupported expression 'SE*SI+D*!SE' in pin attribute of cell 'SDFFR_X2' - skipping.
Warning: Found unsupported expression 'SE*SI+D*!SE' in pin attribute of cell 'SDFFS_X1' - skipping.
Warning: Found unsupported expression 'SE*SI+D*!SE' in pin attribute of cell 'SDFFS_X2' - skipping.
Warning: Found unsupported expression 'SE*SI+D*!SE' in pin attribute of cell 'SDFF_X1' - skipping.
Warning: Found unsupported expression 'SE*SI+D*!SE' in pin attribute of cell 'SDFF_X2' - skipping.
Warning: Found unsupported expression 'SE*SI+D*!SE' in pin attribute of cell 'SDFFRS_X1' - skipping.
Warning: Found unsupported expression 'SE*SI+D*!SE' in pin attribute of cell 'SDFFRS_X2' - skipping.
Warning: Found unsupported expression 'SE*SI+D*!SE' in pin attribute of cell 'SDFFR_X1' - skipping.
Warning: Found unsupported expression 'SE*SI+D*!SE' in pin attribute of cell 'SDFFR_X2' - skipping.
Warning: Found unsupported expression 'SE*SI+D*!SE' in pin attribute of cell 'SDFFS_X1' - skipping.
Warning: Found unsupported expression 'SE*SI+D*!SE' in pin attribute of cell 'SDFFS_X2' - skipping.
Warning: Found unsupported expression 'SE*SI+D*!SE' in pin attribute of cell 'SDFF_X1' - skipping.
Warning: Found unsupported expression 'SE*SI+D*!SE' in pin attribute of cell 'SDFF_X2' - skipping.
Warning: Found unsupported expression 'SE*SI+D*!SE' in pin attribute of cell 'SDFFRS_X1' - skipping.
Warning: Found unsupported expression 'SE*SI+D*!SE' in pin attribute of cell 'SDFFRS_X2' - skipping.
Warning: Found unsupported expression 'SE*SI+D*!SE' in pin attribute of cell 'SDFFR_X1' - skipping.
Warning: Found unsupported expression 'SE*SI+D*!SE' in pin attribute of cell 'SDFFR_X2' - skipping.
Warning: Found unsupported expression 'SE*SI+D*!SE' in pin attribute of cell 'SDFFS_X1' - skipping.
Warning: Found unsupported expression 'SE*SI+D*!SE' in pin attribute of cell 'SDFFS_X2' - skipping.
Warning: Found unsupported expression 'SE*SI+D*!SE' in pin attribute of cell 'SDFF_X1' - skipping.
Warning: Found unsupported expression 'SE*SI+D*!SE' in pin attribute of cell 'SDFF_X2' - skipping.
  final dff cell mappings:
    unmapped dff cell: $_DFF_N_
    \DFF_X1 _DFF_P_ (.CK( C), .D( D), .Q( Q), .QN(~Q));
    unmapped dff cell: $_DFF_NN0_
    unmapped dff cell: $_DFF_NN1_
    unmapped dff cell: $_DFF_NP0_
    unmapped dff cell: $_DFF_NP1_
    \DFFR_X1 _DFF_PN0_ (.CK( C), .D( D), .Q( Q), .QN(~Q), .RN( R));
    \DFFS_X1 _DFF_PN1_ (.CK( C), .D( D), .Q( Q), .QN(~Q), .SN( R));
    unmapped dff cell: $_DFF_PP0_
    unmapped dff cell: $_DFF_PP1_
    unmapped dff cell: $_DFFSR_NNN_
    unmapped dff cell: $_DFFSR_NNP_
    unmapped dff cell: $_DFFSR_NPN_
    unmapped dff cell: $_DFFSR_NPP_
    \DFFRS_X1 _DFFSR_PNN_ (.CK( C), .D( D), .Q( Q), .QN(~Q), .RN( R), .SN( S));
    unmapped dff cell: $_DFFSR_PNP_
    unmapped dff cell: $_DFFSR_PPN_
    unmapped dff cell: $_DFFSR_PPP_

12.1. Executing DFFLEGALIZE pass (convert FFs to types supported by the target).
Mapping DFF cells in module `\CORDIC_ITER':
  mapped 68 $_DFF_P_ cells to \DFF_X1 cells.

13. Executing OPT pass (performing simple optimizations).

13.1. Executing OPT_EXPR pass (perform const folding).
Optimizing module CORDIC_ITER.

13.2. Executing OPT_MERGE pass (detect identical cells).
Finding identical cells in module `\CORDIC_ITER'.
<suppressed ~12 debug messages>
Removed a total of 4 cells.

13.3. Executing OPT_MUXTREE pass (detect dead branches in mux trees).
Running muxtree optimizer on module \CORDIC_ITER..
  Creating internal representation of mux trees.
  No muxes found in this module.
Removed 0 multiplexer ports.

13.4. Executing OPT_REDUCE pass (consolidate $*mux and $reduce_* inputs).
  Optimizing cells in module \CORDIC_ITER.
Performed a total of 0 changes.

13.5. Executing OPT_MERGE pass (detect identical cells).
Finding identical cells in module `\CORDIC_ITER'.
Removed a total of 0 cells.

13.6. Executing OPT_DFF pass (perform DFF optimizations).

13.7. Executing OPT_CLEAN pass (remove unused cells and wires).
Finding unused cells or wires in module \CORDIC_ITER..
Removed 22 unused cells and 48 unused wires.
<suppressed ~23 debug messages>

13.8. Executing OPT_EXPR pass (perform const folding).
Optimizing module CORDIC_ITER.

13.9. Rerunning OPT passes. (Maybe there is more to do..)

13.10. Executing OPT_MUXTREE pass (detect dead branches in mux trees).
Running muxtree optimizer on module \CORDIC_ITER..
  Creating internal representation of mux trees.
  No muxes found in this module.
Removed 0 multiplexer ports.

13.11. Executing OPT_REDUCE pass (consolidate $*mux and $reduce_* inputs).
  Optimizing cells in module \CORDIC_ITER.
Performed a total of 0 changes.

13.12. Executing OPT_MERGE pass (detect identical cells).
Finding identical cells in module `\CORDIC_ITER'.
Removed a total of 0 cells.

13.13. Executing OPT_DFF pass (perform DFF optimizations).

13.14. Executing OPT_CLEAN pass (remove unused cells and wires).
Finding unused cells or wires in module \CORDIC_ITER..

13.15. Executing OPT_EXPR pass (perform const folding).
Optimizing module CORDIC_ITER.

13.16. Finished OPT passes. (There is nothing left to do.)

14. Executing ABC pass (technology mapping using ABC).

14.1. Extracting gate netlist of module `\CORDIC_ITER' to `<abc-temp-dir>/input.blif'..
Extracted 1748 gates and 1892 wires to a netlist network with 141 inputs and 134 outputs.

14.1.1. Executing ABC.
Running ABC command: "<yosys-exe-dir>/yosys-abc" -s -f <abc-temp-dir>/abc.script 2>&1
ABC: ABC command line: "source <abc-temp-dir>/abc.script".
ABC: 
ABC: + read_blif <abc-temp-dir>/input.blif 
ABC: + read_lib -w /mnt/d/VLSI/Projects/NangateOpenCellLibrary_typical.lib 
ABC: Parsing finished successfully.  Parsing time =     0.08 sec
ABC: Scl_LibertyReadGenlib() skipped cell "ANTENNA_X1" due to dont_use attribute.
ABC: Scl_LibertyReadGenlib() skipped cell "CLKGATETST_X1" without logic function.
ABC: Scl_LibertyReadGenlib() skipped cell "CLKGATETST_X2" without logic function.
ABC: Scl_LibertyReadGenlib() skipped cell "CLKGATETST_X4" without logic function.
ABC: Scl_LibertyReadGenlib() skipped cell "CLKGATETST_X8" without logic function.
ABC: Scl_LibertyReadGenlib() skipped cell "CLKGATE_X1" without logic function.
ABC: Scl_LibertyReadGenlib() skipped cell "CLKGATE_X2" without logic function.
ABC: Scl_LibertyReadGenlib() skipped cell "CLKGATE_X4" without logic function.
ABC: Scl_LibertyReadGenlib() skipped cell "CLKGATE_X8" without logic function.
ABC: Scl_LibertyReadGenlib() skipped sequential cell "DFFRS_X1".
ABC: Scl_LibertyReadGenlib() skipped sequential cell "DFFRS_X2".
ABC: Scl_LibertyReadGenlib() skipped sequential cell "DFFR_X1".
ABC: Scl_LibertyReadGenlib() skipped sequential cell "DFFR_X2".
ABC: Scl_LibertyReadGenlib() skipped sequential cell "DFFS_X1".
ABC: Scl_LibertyReadGenlib() skipped sequential cell "DFFS_X2".
ABC: Scl_LibertyReadGenlib() skipped sequential cell "DFF_X1".
ABC: Scl_LibertyReadGenlib() skipped sequential cell "DFF_X2".
ABC: Scl_LibertyReadGenlib() skipped sequential cell "DLH_X1".
ABC: Scl_LibertyReadGenlib() skipped sequential cell "DLH_X2".
ABC: Scl_LibertyReadGenlib() skipped sequential cell "DLL_X1".
ABC: Scl_LibertyReadGenlib() skipped sequential cell "DLL_X2".
ABC: Scl_LibertyReadGenlib() skipped cell "FILLCELL_X1" due to dont_use attribute.
ABC: Scl_LibertyReadGenlib() skipped cell "TAPCELL_X1" due to dont_use attribute.
ABC: Scl_LibertyReadGenlib() skipped cell "FILLCELL_X2" due to dont_use attribute.
ABC: Scl_LibertyReadGenlib() skipped cell "FILLCELL_X4" due to dont_use attribute.
ABC: Scl_LibertyReadGenlib() skipped cell "FILLCELL_X8" due to dont_use attribute.
ABC: Scl_LibertyReadGenlib() skipped cell "FILLCELL_X16" due to dont_use attribute.
ABC: Scl_LibertyReadGenlib() skipped cell "FILLCELL_X32" due to dont_use attribute.
ABC: Scl_LibertyReadGenlib() skipped cell "LOGIC0_X1" due to dont_use attribute.
ABC: Scl_LibertyReadGenlib() skipped cell "LOGIC1_X1" due to dont_use attribute.
ABC: Scl_LibertyReadGenlib() skipped sequential cell "SDFFRS_X1".
ABC: Scl_LibertyReadGenlib() skipped sequential cell "SDFFRS_X2".
ABC: Scl_LibertyReadGenlib() skipped sequential cell "SDFFR_X1".
ABC: Scl_LibertyReadGenlib() skipped sequential cell "SDFFR_X2".
ABC: Scl_LibertyReadGenlib() skipped sequential cell "SDFFS_X1".
ABC: Scl_LibertyReadGenlib() skipped sequential cell "SDFFS_X2".
ABC: Scl_LibertyReadGenlib() skipped sequential cell "SDFF_X1".
ABC: Scl_LibertyReadGenlib() skipped sequential cell "SDFF_X2".
ABC: Scl_LibertyReadGenlib() skipped three-state cell "TBUF_X1".
ABC: Scl_LibertyReadGenlib() skipped three-state cell "TBUF_X2".
ABC: Scl_LibertyReadGenlib() skipped three-state cell "TBUF_X4".
ABC: Scl_LibertyReadGenlib() skipped three-state cell "TBUF_X8".
ABC: Scl_LibertyReadGenlib() skipped three-state cell "TBUF_X16".
ABC: Scl_LibertyReadGenlib() skipped three-state cell "TINV_X1".
ABC: Scl_LibertyReadGenlib() skipped sequential cell "TLAT_X1".
ABC: Library "NangateOpenCellLibrary" from "/mnt/d/VLSI/Projects/NangateOpenCellLibrary_typical.lib" has 90 cells (35 skipped: 21 seq; 6 tri-state; 8 no func; 10 dont_use).  Time =     0.13 sec
ABC: Memory =   11.51 MB. Time =     0.13 sec
ABC: Warning: Detected 2 multi-output gates (for example, "FA_X1").
ABC: + strash 
ABC: + &get -n 
ABC: + &fraig -x 
ABC: + &put 
ABC: + scorr 
ABC: Warning: The network is combinational (run "fraig" or "fraig_sweep").
ABC: + dc2 
ABC: + dretime 
ABC: + strash 
ABC: + &get -n 
ABC: + &dch -f 
ABC: + &nf 
ABC: + &put 
ABC: + write_blif <abc-temp-dir>/output.blif 

14.1.2. Re-integrating ABC results.
ABC RESULTS:            OR4_X1 cells:        1
ABC RESULTS:         OAI211_X1 cells:        1
ABC RESULTS:         AOI221_X1 cells:        9
ABC RESULTS:         OAI221_X1 cells:        1
ABC RESULTS:           AND4_X1 cells:        2
ABC RESULTS:            OR3_X1 cells:        8
ABC RESULTS:          NAND4_X1 cells:       28
ABC RESULTS:         AOI222_X1 cells:        2
ABC RESULTS:           AND3_X1 cells:       10
ABC RESULTS:           MUX2_X1 cells:        7
ABC RESULTS:          OAI22_X1 cells:        7
ABC RESULTS:           XOR2_X1 cells:       39
ABC RESULTS:          XNOR2_X1 cells:       88
ABC RESULTS:         AOI211_X1 cells:        7
ABC RESULTS:          NAND2_X1 cells:      104
ABC RESULTS:          AOI22_X1 cells:      135
ABC RESULTS:           NOR4_X1 cells:       17
ABC RESULTS:            INV_X1 cells:       58
ABC RESULTS:           NOR3_X1 cells:       24
ABC RESULTS:          NAND3_X1 cells:        7
ABC RESULTS:            OR2_X1 cells:       13
ABC RESULTS:          OAI21_X1 cells:      115
ABC RESULTS:          AOI21_X1 cells:      167
ABC RESULTS:           AND2_X1 cells:       42
ABC RESULTS:           NOR2_X1 cells:      162
ABC RESULTS:        internal signals:     1617
ABC RESULTS:           input signals:      141
ABC RESULTS:          output signals:      134
Removing temp directory.

15. Executing FLATTEN pass (flatten design).

16. Executing SETUNDEF pass (replace undef values with defined constants).
Removed 0 unused cells and 736 unused wires.

17. Executing IOPADMAP pass (mapping inputs/outputs to IO-PAD cells).
Don't map input port CORDIC_ITER.clk: Missing option -inpad.
Mapping port CORDIC_ITER.cosine using BUF_X2.
Don't map input port CORDIC_ITER.in_valid: Missing option -inpad.
Mapping port CORDIC_ITER.mag using BUF_X2.
Don't map input port CORDIC_ITER.mode: Missing option -inpad.
Mapping port CORDIC_ITER.out_valid using BUF_X2.
Mapping port CORDIC_ITER.ready using BUF_X2.
Don't map input port CORDIC_ITER.rst: Missing option -inpad.
Mapping port CORDIC_ITER.sine using BUF_X2.
Mapping port CORDIC_ITER.theta using BUF_X2.
Don't map input port CORDIC_ITER.theta_in: Missing option -inpad.
Don't map input port CORDIC_ITER.x_in: Missing option -inpad.
Don't map input port CORDIC_ITER.y_in: Missing option -inpad.

18. Executing OPT pass (performing simple optimizations).

18.1. Executing OPT_EXPR pass (perform const folding).
Optimizing module CORDIC_ITER.

18.2. Executing OPT_MERGE pass (detect identical cells).
Finding identical cells in module `\CORDIC_ITER'.
Removed a total of 0 cells.

18.3. Executing OPT_MUXTREE pass (detect dead branches in mux trees).
Running muxtree optimizer on module \CORDIC_ITER..
  Creating internal representation of mux trees.
  No muxes found in this module.
Removed 0 multiplexer ports.

18.4. Executing OPT_REDUCE pass (consolidate $*mux and $reduce_* inputs).
  Optimizing cells in module \CORDIC_ITER.
Performed a total of 0 changes.

18.5. Executing OPT_MERGE pass (detect identical cells).
Finding identical cells in module `\CORDIC_ITER'.
Removed a total of 0 cells.

18.6. Executing OPT_DFF pass (perform DFF optimizations).

18.7. Executing OPT_CLEAN pass (remove unused cells and wires).
Finding unused cells or wires in module \CORDIC_ITER..

18.8. Executing OPT_EXPR pass (perform const folding).
Optimizing module CORDIC_ITER.

18.9. Finished OPT passes. (There is nothing left to do.)

19. Printing statistics.

=== CORDIC_ITER ===

   Number of wires:               1061
   Number of wire bits:           1364
   Number of public wires:          19
   Number of public wire bits:     188
   Number of memories:               0
   Number of memory bits:            0
   Number of processes:              0
   Number of cells:               1188
     AND2_X1                        42
     AND3_X1                        10
     AND4_X1                         2
     AOI211_X1                       7
     AOI21_X1                      167
     AOI221_X1                       9
     AOI222_X1                       2
     AOI22_X1                      135
     BUF_X2                         66
     DFF_X1                         68
     INV_X1                         58
     MUX2_X1                         7
     NAND2_X1                      104
     NAND3_X1                        7
     NAND4_X1                       28
     NOR2_X1                       162
     NOR3_X1                        24
     NOR4_X1                        17
     OAI211_X1                       1
     OAI21_X1                      115
     OAI221_X1                       1
     OAI22_X1                        7
     OR2_X1                         13
     OR3_X1                          8
     OR4_X1                          1
     XNOR2_X1                       88
     XOR2_X1                        39

   Chip area for module '\CORDIC_ITER': 1536.416000

20. Executing Verilog backend.

20.1. Executing BMUXMAP pass.

20.2. Executing DEMUXMAP pass.
Dumping module `\CORDIC_ITER'.

21. Generating Graphviz representation of design.
Writing dot description to `/home/subhash/.yosys_show.dot'.
Dumping module CORDIC_ITER to page 1.
Exec: { test -f '/home/subhash/.yosys_show.dot.pid' && fuser -s '/home/subhash/.yosys_show.dot.pid' 2> /dev/null; } || ( echo $$ >&3; exec xdot '/home/subhash/.yosys_show.dot'; ) 3> '/home/subhash/.yosys_show.dot.pid' &
