
 /----------------------------------------------------------------------------\
 |                                                                            |
 |  yosys -- Yosys Open SYnthesis Suite                                       |
 |                                                                            |
 |  Copyright (C) 2012 - 2020  Claire Xenia Wolf <claire@yosyshq.com>         |
 |                                                                            |
 |  Permission to use, copy, modify, and/or distribute this software for any  |
 |  purpose with or without fee is hereby granted, provided that the above    |
 |  copyright notice and this permission notice appear in all copies.         |
 |                                                                            |
 |  THE SOFTWARE IS PROVIDED "AS IS" AND THE AUTHOR DISCLAIMS ALL WARRANTIES  |
 |  WITH REGARD TO THIS SOFTWARE INCLUDING ALL IMPLIED WARRANTIES OF          |
 |  MERCHANTABILITY AND FITNESS. IN NO EVENT SHALL THE AUTHOR BE LIABLE FOR   |
 |  ANY SPECIAL, DIRECT, INDIRECT, OR CONSEQUENTIAL DAMAGES OR ANY DAMAGES    |
 |  WHATSOEVER RESULTING FROM LOSS OF USE, DATA OR PROFITS, WHETHER IN AN     |
 |  ACTION OF CONTRACT, NEGLIGENCE OR OTHER TORTIOUS ACTION, ARISING OUT OF   |
 |  OR IN CONNECTION WITH THE USE OR PERFORMANCE OF THIS SOFTWARE.            |
 |                                                                            |
 \----------------------------------------------------------------------------/

 Yosys 0.33 (git sha1 2584903a060)


-- Executing script file `CORDIC_Pipelined_Synthesis_run.tcl' --

1. Executing Liberty frontend: /mnt/d/VLSI/Projects/NangateOpenCellLibrary_typical.lib
Imported 135 cell types from liberty file.

2. Executing Verilog-2005 frontend: cordic_pipelined.v
Parsing Verilog input from `cordic_pipelined.v' to AST representation.
Generating RTLIL representation for module `\CORDIC_Pipelined'.
cordic_pipelined.v:52: Warning: Range [4:3] select out of bounds on signal `\x_reg_4': Setting 1 MSB bits to undef.
cordic_pipelined.v:53: Warning: Range [4:3] select out of bounds on signal `\y_reg_4': Setting 1 MSB bits to undef.
cordic_pipelined.v:56: Warning: Range [5:3] select out of bounds on signal `\x_reg_5': Setting 2 MSB bits to undef.
cordic_pipelined.v:57: Warning: Range [5:3] select out of bounds on signal `\y_reg_5': Setting 2 MSB bits to undef.
cordic_pipelined.v:60: Warning: Range [6:3] select out of bounds on signal `\x_reg_6': Setting 3 MSB bits to undef.
cordic_pipelined.v:61: Warning: Range [6:3] select out of bounds on signal `\y_reg_6': Setting 3 MSB bits to undef.
cordic_pipelined.v:64: Warning: Range [7:3] select out of bounds on signal `\x_reg_7': Setting 4 MSB bits to undef.
cordic_pipelined.v:65: Warning: Range [7:3] select out of bounds on signal `\y_reg_7': Setting 4 MSB bits to undef.
cordic_pipelined.v:68: Warning: Range [8:3] select out of bounds on signal `\x_reg_8': Setting 5 MSB bits to undef.
cordic_pipelined.v:69: Warning: Range [8:3] select out of bounds on signal `\y_reg_8': Setting 5 MSB bits to undef.
cordic_pipelined.v:72: Warning: Range [9:3] select out of bounds on signal `\x_reg_9': Setting 6 MSB bits to undef.
cordic_pipelined.v:73: Warning: Range [9:3] select out of bounds on signal `\y_reg_9': Setting 6 MSB bits to undef.
cordic_pipelined.v:76: Warning: Range [10:3] select out of bounds on signal `\x_reg_10': Setting 7 MSB bits to undef.
cordic_pipelined.v:77: Warning: Range [10:3] select out of bounds on signal `\y_reg_10': Setting 7 MSB bits to undef.
cordic_pipelined.v:80: Warning: Range [11:3] select out of bounds on signal `\x_reg_11': Setting 8 MSB bits to undef.
cordic_pipelined.v:81: Warning: Range [11:3] select out of bounds on signal `\y_reg_11': Setting 8 MSB bits to undef.
cordic_pipelined.v:84: Warning: Range [12:3] select out of bounds on signal `\x_reg_12': Setting 9 MSB bits to undef.
cordic_pipelined.v:85: Warning: Range [12:3] select out of bounds on signal `\y_reg_12': Setting 9 MSB bits to undef.
cordic_pipelined.v:88: Warning: Range [13:3] select out of bounds on signal `\x_reg_13': Setting 10 MSB bits to undef.
cordic_pipelined.v:89: Warning: Range [13:3] select out of bounds on signal `\y_reg_13': Setting 10 MSB bits to undef.
cordic_pipelined.v:92: Warning: Range [14:3] select out of bounds on signal `\x_reg_14': Setting 11 MSB bits to undef.
cordic_pipelined.v:93: Warning: Range [14:3] select out of bounds on signal `\y_reg_14': Setting 11 MSB bits to undef.
cordic_pipelined.v:96: Warning: Range [15:3] select out of bounds on signal `\x_reg_15': Setting 12 MSB bits to undef.
cordic_pipelined.v:97: Warning: Range [15:3] select out of bounds on signal `\y_reg_15': Setting 12 MSB bits to undef.
Generating RTLIL representation for module `\register'.
Generating RTLIL representation for module `\sum'.
Successfully finished Verilog frontend.

3. Executing HIERARCHY pass (managing design hierarchy).

3.1. Analyzing design hierarchy..
Top module:  \CORDIC_Pipelined
Used module:     \sum
Used module:     \register
Parameter 1 (\WIDTH) = 4

3.2. Executing AST frontend in derive mode using pre-parsed AST for module `\sum'.
Parameter 1 (\WIDTH) = 4
Generating RTLIL representation for module `$paramod\sum\WIDTH=s32'00000000000000000000000000000100'.
Parameter 1 (\WIDTH) = 4

3.3. Executing AST frontend in derive mode using pre-parsed AST for module `\register'.
Parameter 1 (\WIDTH) = 4
Generating RTLIL representation for module `$paramod\register\WIDTH=s32'00000000000000000000000000000100'.
Parameter 1 (\WIDTH) = 4
Found cached RTLIL representation for module `$paramod\sum\WIDTH=s32'00000000000000000000000000000100'.
Parameter 1 (\WIDTH) = 4
Found cached RTLIL representation for module `$paramod\register\WIDTH=s32'00000000000000000000000000000100'.
Parameter 1 (\WIDTH) = 4
Found cached RTLIL representation for module `$paramod\sum\WIDTH=s32'00000000000000000000000000000100'.
Parameter 1 (\WIDTH) = 4
Found cached RTLIL representation for module `$paramod\register\WIDTH=s32'00000000000000000000000000000100'.
Parameter 1 (\WIDTH) = 4
Found cached RTLIL representation for module `$paramod\sum\WIDTH=s32'00000000000000000000000000000100'.
Parameter 1 (\WIDTH) = 4
Found cached RTLIL representation for module `$paramod\register\WIDTH=s32'00000000000000000000000000000100'.
Parameter 1 (\WIDTH) = 4
Found cached RTLIL representation for module `$paramod\sum\WIDTH=s32'00000000000000000000000000000100'.
Parameter 1 (\WIDTH) = 4
Found cached RTLIL representation for module `$paramod\register\WIDTH=s32'00000000000000000000000000000100'.
Parameter 1 (\WIDTH) = 4
Found cached RTLIL representation for module `$paramod\sum\WIDTH=s32'00000000000000000000000000000100'.
Parameter 1 (\WIDTH) = 4
Found cached RTLIL representation for module `$paramod\register\WIDTH=s32'00000000000000000000000000000100'.
Parameter 1 (\WIDTH) = 4
Found cached RTLIL representation for module `$paramod\sum\WIDTH=s32'00000000000000000000000000000100'.
Parameter 1 (\WIDTH) = 4
Found cached RTLIL representation for module `$paramod\register\WIDTH=s32'00000000000000000000000000000100'.
Parameter 1 (\WIDTH) = 4
Found cached RTLIL representation for module `$paramod\sum\WIDTH=s32'00000000000000000000000000000100'.
Parameter 1 (\WIDTH) = 4
Found cached RTLIL representation for module `$paramod\register\WIDTH=s32'00000000000000000000000000000100'.
Parameter 1 (\WIDTH) = 4
Found cached RTLIL representation for module `$paramod\sum\WIDTH=s32'00000000000000000000000000000100'.
Parameter 1 (\WIDTH) = 4
Found cached RTLIL representation for module `$paramod\register\WIDTH=s32'00000000000000000000000000000100'.
Parameter 1 (\WIDTH) = 4
Found cached RTLIL representation for module `$paramod\sum\WIDTH=s32'00000000000000000000000000000100'.
Parameter 1 (\WIDTH) = 4
Found cached RTLIL representation for module `$paramod\register\WIDTH=s32'00000000000000000000000000000100'.
Parameter 1 (\WIDTH) = 4
Found cached RTLIL representation for module `$paramod\sum\WIDTH=s32'00000000000000000000000000000100'.
Parameter 1 (\WIDTH) = 4
Found cached RTLIL representation for module `$paramod\register\WIDTH=s32'00000000000000000000000000000100'.
Parameter 1 (\WIDTH) = 4
Found cached RTLIL representation for module `$paramod\sum\WIDTH=s32'00000000000000000000000000000100'.
Parameter 1 (\WIDTH) = 4
Found cached RTLIL representation for module `$paramod\register\WIDTH=s32'00000000000000000000000000000100'.
Parameter 1 (\WIDTH) = 4
Found cached RTLIL representation for module `$paramod\sum\WIDTH=s32'00000000000000000000000000000100'.
Parameter 1 (\WIDTH) = 4
Found cached RTLIL representation for module `$paramod\register\WIDTH=s32'00000000000000000000000000000100'.
Parameter 1 (\WIDTH) = 4
Found cached RTLIL representation for module `$paramod\sum\WIDTH=s32'00000000000000000000000000000100'.
Parameter 1 (\WIDTH) = 4
Found cached RTLIL representation for module `$paramod\register\WIDTH=s32'00000000000000000000000000000100'.
Parameter 1 (\WIDTH) = 4
Found cached RTLIL representation for module `$paramod\sum\WIDTH=s32'00000000000000000000000000000100'.
Parameter 1 (\WIDTH) = 4
Found cached RTLIL representation for module `$paramod\register\WIDTH=s32'00000000000000000000000000000100'.
Parameter 1 (\WIDTH) = 4
Found cached RTLIL representation for module `$paramod\sum\WIDTH=s32'00000000000000000000000000000100'.
Parameter 1 (\WIDTH) = 4
Found cached RTLIL representation for module `$paramod\register\WIDTH=s32'00000000000000000000000000000100'.

3.4. Analyzing design hierarchy..
Top module:  \CORDIC_Pipelined
Used module:     $paramod\sum\WIDTH=s32'00000000000000000000000000000100
Used module:     $paramod\register\WIDTH=s32'00000000000000000000000000000100

3.5. Analyzing design hierarchy..
Top module:  \CORDIC_Pipelined
Used module:     $paramod\sum\WIDTH=s32'00000000000000000000000000000100
Used module:     $paramod\register\WIDTH=s32'00000000000000000000000000000100
Removing unused module `\sum'.
Removing unused module `\register'.
Removed 2 unused modules.

4. Executing PROC pass (convert processes to netlists).

4.1. Executing PROC_CLEAN pass (remove empty switches from decision trees).
Cleaned up 0 empty switches.

4.2. Executing PROC_RMDEAD pass (remove dead branches from decision trees).
Marked 1 switch rules as full_case in process $proc$cordic_pipelined.v:243$41 in module $paramod\register\WIDTH=s32'00000000000000000000000000000100.
Marked 3 switch rules as full_case in process $proc$cordic_pipelined.v:269$25 in module $paramod\sum\WIDTH=s32'00000000000000000000000000000100.
Marked 1 switch rules as full_case in process $proc$cordic_pipelined.v:135$4 in module CORDIC_Pipelined.
Marked 1 switch rules as full_case in process $proc$cordic_pipelined.v:119$3 in module CORDIC_Pipelined.
Marked 1 switch rules as full_case in process $proc$cordic_pipelined.v:101$1 in module CORDIC_Pipelined.
Removed a total of 0 dead cases.

4.3. Executing PROC_PRUNE pass (remove redundant assignments in processes).
Removed 3 redundant assignments.
Promoted 11 assignments to connections.

4.4. Executing PROC_INIT pass (extract init attributes).

4.5. Executing PROC_ARST pass (detect async resets in processes).

4.6. Executing PROC_ROM pass (convert switches to ROMs).
Converted 0 switches.
<suppressed ~7 debug messages>

4.7. Executing PROC_MUX pass (convert decision trees to multiplexers).
Creating decoders for process `$paramod\register\WIDTH=s32'00000000000000000000000000000100.$proc$cordic_pipelined.v:243$41'.
     1/3: $0\theta_reg[3:0]
     2/3: $0\y_reg[3:0]
     3/3: $0\x_reg[3:0]
Creating decoders for process `$paramod\sum\WIDTH=s32'00000000000000000000000000000100.$proc$cordic_pipelined.v:269$25'.
     1/9: $3\theta_sum[3:0]
     2/9: $3\y_sum[3:0]
     3/9: $3\x_sum[3:0]
     4/9: $2\theta_sum[3:0]
     5/9: $2\y_sum[3:0]
     6/9: $2\x_sum[3:0]
     7/9: $1\theta_sum[3:0]
     8/9: $1\y_sum[3:0]
     9/9: $1\x_sum[3:0]
Creating decoders for process `\CORDIC_Pipelined.$proc$cordic_pipelined.v:135$4'.
     1/1: $1\count[3:0]
Creating decoders for process `\CORDIC_Pipelined.$proc$cordic_pipelined.v:119$3'.
     1/3: $1\theta_in_1[3:0]
     2/3: $1\y_in_1[3:0]
     3/3: $1\x_in_1[3:0]
Creating decoders for process `\CORDIC_Pipelined.$proc$cordic_pipelined.v:101$1'.
     1/4: $1\sine[3:0]
     2/4: $1\cosine[3:0]
     3/4: $1\angle[3:0]
     4/4: $1\mag[3:0]

4.8. Executing PROC_DLATCH pass (convert process syncs to latches).
No latch inferred for signal `$paramod\sum\WIDTH=s32'00000000000000000000000000000100.\x_sum' from process `$paramod\sum\WIDTH=s32'00000000000000000000000000000100.$proc$cordic_pipelined.v:269$25'.
No latch inferred for signal `$paramod\sum\WIDTH=s32'00000000000000000000000000000100.\y_sum' from process `$paramod\sum\WIDTH=s32'00000000000000000000000000000100.$proc$cordic_pipelined.v:269$25'.
No latch inferred for signal `$paramod\sum\WIDTH=s32'00000000000000000000000000000100.\theta_sum' from process `$paramod\sum\WIDTH=s32'00000000000000000000000000000100.$proc$cordic_pipelined.v:269$25'.
No latch inferred for signal `\CORDIC_Pipelined.\x_in_1' from process `\CORDIC_Pipelined.$proc$cordic_pipelined.v:119$3'.
No latch inferred for signal `\CORDIC_Pipelined.\y_in_1' from process `\CORDIC_Pipelined.$proc$cordic_pipelined.v:119$3'.
No latch inferred for signal `\CORDIC_Pipelined.\theta_in_1' from process `\CORDIC_Pipelined.$proc$cordic_pipelined.v:119$3'.
No latch inferred for signal `\CORDIC_Pipelined.\sine' from process `\CORDIC_Pipelined.$proc$cordic_pipelined.v:101$1'.
No latch inferred for signal `\CORDIC_Pipelined.\cosine' from process `\CORDIC_Pipelined.$proc$cordic_pipelined.v:101$1'.
No latch inferred for signal `\CORDIC_Pipelined.\mag' from process `\CORDIC_Pipelined.$proc$cordic_pipelined.v:101$1'.
No latch inferred for signal `\CORDIC_Pipelined.\angle' from process `\CORDIC_Pipelined.$proc$cordic_pipelined.v:101$1'.

4.9. Executing PROC_DFF pass (convert process syncs to FFs).
Creating register for signal `$paramod\register\WIDTH=s32'00000000000000000000000000000100.\x_reg' using process `$paramod\register\WIDTH=s32'00000000000000000000000000000100.$proc$cordic_pipelined.v:243$41'.
  created $dff cell `$procdff$120' with positive edge clock.
Creating register for signal `$paramod\register\WIDTH=s32'00000000000000000000000000000100.\y_reg' using process `$paramod\register\WIDTH=s32'00000000000000000000000000000100.$proc$cordic_pipelined.v:243$41'.
  created $dff cell `$procdff$121' with positive edge clock.
Creating register for signal `$paramod\register\WIDTH=s32'00000000000000000000000000000100.\theta_reg' using process `$paramod\register\WIDTH=s32'00000000000000000000000000000100.$proc$cordic_pipelined.v:243$41'.
  created $dff cell `$procdff$122' with positive edge clock.
Creating register for signal `\CORDIC_Pipelined.\count' using process `\CORDIC_Pipelined.$proc$cordic_pipelined.v:135$4'.
  created $dff cell `$procdff$123' with positive edge clock.

4.10. Executing PROC_MEMWR pass (convert process memory writes to cells).

4.11. Executing PROC_CLEAN pass (remove empty switches from decision trees).
Found and cleaned up 1 empty switch in `$paramod\register\WIDTH=s32'00000000000000000000000000000100.$proc$cordic_pipelined.v:243$41'.
Removing empty process `$paramod\register\WIDTH=s32'00000000000000000000000000000100.$proc$cordic_pipelined.v:243$41'.
Found and cleaned up 3 empty switches in `$paramod\sum\WIDTH=s32'00000000000000000000000000000100.$proc$cordic_pipelined.v:269$25'.
Removing empty process `$paramod\sum\WIDTH=s32'00000000000000000000000000000100.$proc$cordic_pipelined.v:269$25'.
Found and cleaned up 1 empty switch in `\CORDIC_Pipelined.$proc$cordic_pipelined.v:135$4'.
Removing empty process `CORDIC_Pipelined.$proc$cordic_pipelined.v:135$4'.
Found and cleaned up 1 empty switch in `\CORDIC_Pipelined.$proc$cordic_pipelined.v:119$3'.
Removing empty process `CORDIC_Pipelined.$proc$cordic_pipelined.v:119$3'.
Found and cleaned up 1 empty switch in `\CORDIC_Pipelined.$proc$cordic_pipelined.v:101$1'.
Removing empty process `CORDIC_Pipelined.$proc$cordic_pipelined.v:101$1'.
Cleaned up 7 empty switches.

4.12. Executing OPT_EXPR pass (perform const folding).
Optimizing module $paramod\register\WIDTH=s32'00000000000000000000000000000100.
Optimizing module $paramod\sum\WIDTH=s32'00000000000000000000000000000100.
<suppressed ~12 debug messages>
Optimizing module CORDIC_Pipelined.
<suppressed ~5 debug messages>

5. Executing OPT pass (performing simple optimizations).

5.1. Executing OPT_EXPR pass (perform const folding).
Optimizing module $paramod\register\WIDTH=s32'00000000000000000000000000000100.
Optimizing module $paramod\sum\WIDTH=s32'00000000000000000000000000000100.
Optimizing module CORDIC_Pipelined.

5.2. Executing OPT_MERGE pass (detect identical cells).
Finding identical cells in module `$paramod\register\WIDTH=s32'00000000000000000000000000000100'.
Finding identical cells in module `$paramod\sum\WIDTH=s32'00000000000000000000000000000100'.
<suppressed ~18 debug messages>
Finding identical cells in module `\CORDIC_Pipelined'.
Removed a total of 6 cells.

5.3. Executing OPT_MUXTREE pass (detect dead branches in mux trees).
Running muxtree optimizer on module $paramod\register\WIDTH=s32'00000000000000000000000000000100..
  Creating internal representation of mux trees.
  Evaluating internal representation of mux trees.
  Analyzing evaluation results.
Running muxtree optimizer on module $paramod\sum\WIDTH=s32'00000000000000000000000000000100..
  Creating internal representation of mux trees.
  Evaluating internal representation of mux trees.
  Analyzing evaluation results.
    dead port 2/2 on $mux $procmux$67.
    dead port 2/2 on $mux $procmux$61.
    dead port 2/2 on $mux $procmux$55.
    dead port 1/2 on $mux $procmux$85.
    dead port 1/2 on $mux $procmux$79.
    dead port 1/2 on $mux $procmux$73.
Running muxtree optimizer on module \CORDIC_Pipelined..
  Creating internal representation of mux trees.
  Evaluating internal representation of mux trees.
  Analyzing evaluation results.
Removed 6 multiplexer ports.
<suppressed ~15 debug messages>

5.4. Executing OPT_REDUCE pass (consolidate $*mux and $reduce_* inputs).
  Optimizing cells in module $paramod\register\WIDTH=s32'00000000000000000000000000000100.
  Optimizing cells in module $paramod\sum\WIDTH=s32'00000000000000000000000000000100.
  Optimizing cells in module \CORDIC_Pipelined.
Performed a total of 0 changes.

5.5. Executing OPT_MERGE pass (detect identical cells).
Finding identical cells in module `$paramod\register\WIDTH=s32'00000000000000000000000000000100'.
Finding identical cells in module `$paramod\sum\WIDTH=s32'00000000000000000000000000000100'.
Finding identical cells in module `\CORDIC_Pipelined'.
Removed a total of 0 cells.

5.6. Executing OPT_DFF pass (perform DFF optimizations).
Adding SRST signal on $procdff$120 ($dff) from module $paramod\register\WIDTH=s32'00000000000000000000000000000100 (D = \x_in, Q = \x_reg, rval = 4'0000).
Adding SRST signal on $procdff$121 ($dff) from module $paramod\register\WIDTH=s32'00000000000000000000000000000100 (D = \y_in, Q = \y_reg, rval = 4'0000).
Adding SRST signal on $procdff$122 ($dff) from module $paramod\register\WIDTH=s32'00000000000000000000000000000100 (D = \theta_in, Q = \theta_reg, rval = 4'0000).
Adding SRST signal on $procdff$123 ($dff) from module CORDIC_Pipelined (D = $add$cordic_pipelined.v:143$5_Y [3:0], Q = \count, rval = 4'0000).

5.7. Executing OPT_CLEAN pass (remove unused cells and wires).
Finding unused cells or wires in module $paramod\register\WIDTH=s32'00000000000000000000000000000100..
Finding unused cells or wires in module $paramod\sum\WIDTH=s32'00000000000000000000000000000100..
Finding unused cells or wires in module \CORDIC_Pipelined..
Removed 6 unused cells and 87 unused wires.
<suppressed ~9 debug messages>

5.8. Executing OPT_EXPR pass (perform const folding).
Optimizing module $paramod\register\WIDTH=s32'00000000000000000000000000000100.
Optimizing module $paramod\sum\WIDTH=s32'00000000000000000000000000000100.
Optimizing module CORDIC_Pipelined.

5.9. Rerunning OPT passes. (Maybe there is more to do..)

5.10. Executing OPT_MUXTREE pass (detect dead branches in mux trees).
Running muxtree optimizer on module $paramod\register\WIDTH=s32'00000000000000000000000000000100..
  Creating internal representation of mux trees.
  No muxes found in this module.
Running muxtree optimizer on module $paramod\sum\WIDTH=s32'00000000000000000000000000000100..
  Creating internal representation of mux trees.
  Evaluating internal representation of mux trees.
  Analyzing evaluation results.
Running muxtree optimizer on module \CORDIC_Pipelined..
  Creating internal representation of mux trees.
  Evaluating internal representation of mux trees.
  Analyzing evaluation results.
Removed 0 multiplexer ports.
<suppressed ~11 debug messages>

5.11. Executing OPT_REDUCE pass (consolidate $*mux and $reduce_* inputs).
  Optimizing cells in module $paramod\register\WIDTH=s32'00000000000000000000000000000100.
  Optimizing cells in module $paramod\sum\WIDTH=s32'00000000000000000000000000000100.
  Optimizing cells in module \CORDIC_Pipelined.
Performed a total of 0 changes.

5.12. Executing OPT_MERGE pass (detect identical cells).
Finding identical cells in module `$paramod\register\WIDTH=s32'00000000000000000000000000000100'.
Finding identical cells in module `$paramod\sum\WIDTH=s32'00000000000000000000000000000100'.
Finding identical cells in module `\CORDIC_Pipelined'.
Removed a total of 0 cells.

5.13. Executing OPT_DFF pass (perform DFF optimizations).

5.14. Executing OPT_CLEAN pass (remove unused cells and wires).
Finding unused cells or wires in module $paramod\register\WIDTH=s32'00000000000000000000000000000100..
Finding unused cells or wires in module $paramod\sum\WIDTH=s32'00000000000000000000000000000100..
Finding unused cells or wires in module \CORDIC_Pipelined..

5.15. Executing OPT_EXPR pass (perform const folding).
Optimizing module $paramod\register\WIDTH=s32'00000000000000000000000000000100.
Optimizing module $paramod\sum\WIDTH=s32'00000000000000000000000000000100.
Optimizing module CORDIC_Pipelined.

5.16. Finished OPT passes. (There is nothing left to do.)

6. Executing FSM pass (extract and optimize FSM).

6.1. Executing FSM_DETECT pass (finding FSMs in design).

6.2. Executing FSM_EXTRACT pass (extracting FSM from design).

6.3. Executing FSM_OPT pass (simple optimizations of FSMs).

6.4. Executing OPT_CLEAN pass (remove unused cells and wires).
Finding unused cells or wires in module $paramod\register\WIDTH=s32'00000000000000000000000000000100..
Finding unused cells or wires in module $paramod\sum\WIDTH=s32'00000000000000000000000000000100..
Finding unused cells or wires in module \CORDIC_Pipelined..

6.5. Executing FSM_OPT pass (simple optimizations of FSMs).

6.6. Executing FSM_RECODE pass (re-assigning FSM state encoding).

6.7. Executing FSM_INFO pass (dumping all available information on FSM cells).

6.8. Executing FSM_MAP pass (mapping FSMs to basic logic).

7. Executing OPT pass (performing simple optimizations).

7.1. Executing OPT_EXPR pass (perform const folding).
Optimizing module $paramod\register\WIDTH=s32'00000000000000000000000000000100.
Optimizing module $paramod\sum\WIDTH=s32'00000000000000000000000000000100.
Optimizing module CORDIC_Pipelined.

7.2. Executing OPT_MERGE pass (detect identical cells).
Finding identical cells in module `$paramod\register\WIDTH=s32'00000000000000000000000000000100'.
Finding identical cells in module `$paramod\sum\WIDTH=s32'00000000000000000000000000000100'.
Finding identical cells in module `\CORDIC_Pipelined'.
Removed a total of 0 cells.

7.3. Executing OPT_MUXTREE pass (detect dead branches in mux trees).
Running muxtree optimizer on module $paramod\register\WIDTH=s32'00000000000000000000000000000100..
  Creating internal representation of mux trees.
  No muxes found in this module.
Running muxtree optimizer on module $paramod\sum\WIDTH=s32'00000000000000000000000000000100..
  Creating internal representation of mux trees.
  Evaluating internal representation of mux trees.
  Analyzing evaluation results.
Running muxtree optimizer on module \CORDIC_Pipelined..
  Creating internal representation of mux trees.
  Evaluating internal representation of mux trees.
  Analyzing evaluation results.
Removed 0 multiplexer ports.
<suppressed ~11 debug messages>

7.4. Executing OPT_REDUCE pass (consolidate $*mux and $reduce_* inputs).
  Optimizing cells in module $paramod\register\WIDTH=s32'00000000000000000000000000000100.
  Optimizing cells in module $paramod\sum\WIDTH=s32'00000000000000000000000000000100.
  Optimizing cells in module \CORDIC_Pipelined.
Performed a total of 0 changes.

7.5. Executing OPT_MERGE pass (detect identical cells).
Finding identical cells in module `$paramod\register\WIDTH=s32'00000000000000000000000000000100'.
Finding identical cells in module `$paramod\sum\WIDTH=s32'00000000000000000000000000000100'.
Finding identical cells in module `\CORDIC_Pipelined'.
Removed a total of 0 cells.

7.6. Executing OPT_DFF pass (perform DFF optimizations).

7.7. Executing OPT_CLEAN pass (remove unused cells and wires).
Finding unused cells or wires in module $paramod\register\WIDTH=s32'00000000000000000000000000000100..
Finding unused cells or wires in module $paramod\sum\WIDTH=s32'00000000000000000000000000000100..
Finding unused cells or wires in module \CORDIC_Pipelined..

7.8. Executing OPT_EXPR pass (perform const folding).
Optimizing module $paramod\register\WIDTH=s32'00000000000000000000000000000100.
Optimizing module $paramod\sum\WIDTH=s32'00000000000000000000000000000100.
Optimizing module CORDIC_Pipelined.

7.9. Finished OPT passes. (There is nothing left to do.)

8. Executing MEMORY pass.

8.1. Executing OPT_MEM pass (optimize memories).
Performed a total of 0 transformations.

8.2. Executing OPT_MEM_PRIORITY pass (removing unnecessary memory write priority relations).
Performed a total of 0 transformations.

8.3. Executing OPT_MEM_FEEDBACK pass (finding memory read-to-write feedback paths).

8.4. Executing MEMORY_BMUX2ROM pass (converting muxes to ROMs).

8.5. Executing MEMORY_DFF pass (merging $dff cells to $memrd).

8.6. Executing OPT_CLEAN pass (remove unused cells and wires).
Finding unused cells or wires in module $paramod\register\WIDTH=s32'00000000000000000000000000000100..
Finding unused cells or wires in module $paramod\sum\WIDTH=s32'00000000000000000000000000000100..
Finding unused cells or wires in module \CORDIC_Pipelined..

8.7. Executing MEMORY_SHARE pass (consolidating $memrd/$memwr cells).

8.8. Executing OPT_MEM_WIDEN pass (optimize memories where all ports are wide).
Performed a total of 0 transformations.

8.9. Executing OPT_CLEAN pass (remove unused cells and wires).
Finding unused cells or wires in module $paramod\register\WIDTH=s32'00000000000000000000000000000100..
Finding unused cells or wires in module $paramod\sum\WIDTH=s32'00000000000000000000000000000100..
Finding unused cells or wires in module \CORDIC_Pipelined..

8.10. Executing MEMORY_COLLECT pass (generating $mem cells).

8.11. Executing MEMORY_MAP pass (converting memories to logic and flip-flops).

9. Executing OPT pass (performing simple optimizations).

9.1. Executing OPT_EXPR pass (perform const folding).
Optimizing module $paramod\register\WIDTH=s32'00000000000000000000000000000100.
Optimizing module $paramod\sum\WIDTH=s32'00000000000000000000000000000100.
Optimizing module CORDIC_Pipelined.

9.2. Executing OPT_MERGE pass (detect identical cells).
Finding identical cells in module `$paramod\register\WIDTH=s32'00000000000000000000000000000100'.
Finding identical cells in module `$paramod\sum\WIDTH=s32'00000000000000000000000000000100'.
Finding identical cells in module `\CORDIC_Pipelined'.
Removed a total of 0 cells.

9.3. Executing OPT_MUXTREE pass (detect dead branches in mux trees).
Running muxtree optimizer on module $paramod\register\WIDTH=s32'00000000000000000000000000000100..
  Creating internal representation of mux trees.
  No muxes found in this module.
Running muxtree optimizer on module $paramod\sum\WIDTH=s32'00000000000000000000000000000100..
  Creating internal representation of mux trees.
  Evaluating internal representation of mux trees.
  Analyzing evaluation results.
Running muxtree optimizer on module \CORDIC_Pipelined..
  Creating internal representation of mux trees.
  Evaluating internal representation of mux trees.
  Analyzing evaluation results.
Removed 0 multiplexer ports.
<suppressed ~11 debug messages>

9.4. Executing OPT_REDUCE pass (consolidate $*mux and $reduce_* inputs).
  Optimizing cells in module $paramod\register\WIDTH=s32'00000000000000000000000000000100.
  Optimizing cells in module $paramod\sum\WIDTH=s32'00000000000000000000000000000100.
  Optimizing cells in module \CORDIC_Pipelined.
Performed a total of 0 changes.

9.5. Executing OPT_MERGE pass (detect identical cells).
Finding identical cells in module `$paramod\register\WIDTH=s32'00000000000000000000000000000100'.
Finding identical cells in module `$paramod\sum\WIDTH=s32'00000000000000000000000000000100'.
Finding identical cells in module `\CORDIC_Pipelined'.
Removed a total of 0 cells.

9.6. Executing OPT_DFF pass (perform DFF optimizations).

9.7. Executing OPT_CLEAN pass (remove unused cells and wires).
Finding unused cells or wires in module $paramod\register\WIDTH=s32'00000000000000000000000000000100..
Finding unused cells or wires in module $paramod\sum\WIDTH=s32'00000000000000000000000000000100..
Finding unused cells or wires in module \CORDIC_Pipelined..

9.8. Executing OPT_EXPR pass (perform const folding).
Optimizing module $paramod\register\WIDTH=s32'00000000000000000000000000000100.
Optimizing module $paramod\sum\WIDTH=s32'00000000000000000000000000000100.
Optimizing module CORDIC_Pipelined.

9.9. Finished OPT passes. (There is nothing left to do.)

10. Executing TECHMAP pass (map to technology primitives).

10.1. Executing Verilog-2005 frontend: /usr/bin/../share/yosys/techmap.v
Parsing Verilog input from `/usr/bin/../share/yosys/techmap.v' to AST representation.
Generating RTLIL representation for module `\_90_simplemap_bool_ops'.
Generating RTLIL representation for module `\_90_simplemap_reduce_ops'.
Generating RTLIL representation for module `\_90_simplemap_logic_ops'.
Generating RTLIL representation for module `\_90_simplemap_compare_ops'.
Generating RTLIL representation for module `\_90_simplemap_various'.
Generating RTLIL representation for module `\_90_simplemap_registers'.
Generating RTLIL representation for module `\_90_shift_ops_shr_shl_sshl_sshr'.
Generating RTLIL representation for module `\_90_shift_shiftx'.
Generating RTLIL representation for module `\_90_fa'.
Generating RTLIL representation for module `\_90_lcu'.
Generating RTLIL representation for module `\_90_alu'.
Generating RTLIL representation for module `\_90_macc'.
Generating RTLIL representation for module `\_90_alumacc'.
Generating RTLIL representation for module `\$__div_mod_u'.
Generating RTLIL representation for module `\$__div_mod_trunc'.
Generating RTLIL representation for module `\_90_div'.
Generating RTLIL representation for module `\_90_mod'.
Generating RTLIL representation for module `\$__div_mod_floor'.
Generating RTLIL representation for module `\_90_divfloor'.
Generating RTLIL representation for module `\_90_modfloor'.
Generating RTLIL representation for module `\_90_pow'.
Generating RTLIL representation for module `\_90_pmux'.
Generating RTLIL representation for module `\_90_demux'.
Generating RTLIL representation for module `\_90_lut'.
Successfully finished Verilog frontend.

10.2. Continuing TECHMAP pass.
Running "alumacc" on wrapper $extern:wrap:$add:A_SIGNED=0:A_WIDTH=4:B_SIGNED=0:B_WIDTH=32:Y_WIDTH=32:394426c56d1a028ba8fdd5469b163e04011def47.
Using template $extern:wrap:$add:A_SIGNED=0:A_WIDTH=4:B_SIGNED=0:B_WIDTH=32:Y_WIDTH=32:394426c56d1a028ba8fdd5469b163e04011def47 for cells of type $extern:wrap:$add:A_SIGNED=0:A_WIDTH=4:B_SIGNED=0:B_WIDTH=32:Y_WIDTH=32:394426c56d1a028ba8fdd5469b163e04011def47.
Running "alumacc" on wrapper $extern:wrap:$ge:A_SIGNED=0:A_WIDTH=4:B_SIGNED=0:B_WIDTH=32:Y_WIDTH=1:394426c56d1a028ba8fdd5469b163e04011def47.
Using template $extern:wrap:$ge:A_SIGNED=0:A_WIDTH=4:B_SIGNED=0:B_WIDTH=32:Y_WIDTH=1:394426c56d1a028ba8fdd5469b163e04011def47 for cells of type $extern:wrap:$ge:A_SIGNED=0:A_WIDTH=4:B_SIGNED=0:B_WIDTH=32:Y_WIDTH=1:394426c56d1a028ba8fdd5469b163e04011def47.
Using extmapper simplemap for cells of type $mux.
Using extmapper simplemap for cells of type $sdff.
Using template $paramod$a7817265ef3ab2ee43da53bbd8a90f6450d412d9\_90_alu for cells of type $alu.
Using extmapper simplemap for cells of type $not.
Using extmapper simplemap for cells of type $or.
Using extmapper simplemap for cells of type $reduce_and.
Using extmapper simplemap for cells of type $reduce_or.
Using extmapper simplemap for cells of type $xor.
Using extmapper simplemap for cells of type $and.
Using template $paramod\_90_lcu\WIDTH=32'00000000000000000000000000100000 for cells of type $lcu.
Using extmapper simplemap for cells of type $pos.
Running "alumacc" on wrapper $extern:wrap:$sub:A_SIGNED=1:A_WIDTH=4:B_SIGNED=1:B_WIDTH=4:Y_WIDTH=4:394426c56d1a028ba8fdd5469b163e04011def47.
Using template $extern:wrap:$sub:A_SIGNED=1:A_WIDTH=4:B_SIGNED=1:B_WIDTH=4:Y_WIDTH=4:394426c56d1a028ba8fdd5469b163e04011def47 for cells of type $extern:wrap:$sub:A_SIGNED=1:A_WIDTH=4:B_SIGNED=1:B_WIDTH=4:Y_WIDTH=4:394426c56d1a028ba8fdd5469b163e04011def47.
Running "alumacc" on wrapper $extern:wrap:$add:A_SIGNED=1:A_WIDTH=4:B_SIGNED=1:B_WIDTH=4:Y_WIDTH=4:394426c56d1a028ba8fdd5469b163e04011def47.
Using template $extern:wrap:$add:A_SIGNED=1:A_WIDTH=4:B_SIGNED=1:B_WIDTH=4:Y_WIDTH=4:394426c56d1a028ba8fdd5469b163e04011def47 for cells of type $extern:wrap:$add:A_SIGNED=1:A_WIDTH=4:B_SIGNED=1:B_WIDTH=4:Y_WIDTH=4:394426c56d1a028ba8fdd5469b163e04011def47.
Using template $paramod$82dbbf18339f9c177cf323a2d12653b430c46f4d\_90_alu for cells of type $alu.
Using template $paramod\_90_lcu\WIDTH=32'00000000000000000000000000000100 for cells of type $lcu.
No more expansions possible.
<suppressed ~873 debug messages>

11. Executing OPT pass (performing simple optimizations).

11.1. Executing OPT_EXPR pass (perform const folding).
Optimizing module $paramod\register\WIDTH=s32'00000000000000000000000000000100.
Optimizing module $paramod\sum\WIDTH=s32'00000000000000000000000000000100.
<suppressed ~45 debug messages>
Optimizing module CORDIC_Pipelined.
<suppressed ~690 debug messages>

11.2. Executing OPT_MERGE pass (detect identical cells).
Finding identical cells in module `$paramod\register\WIDTH=s32'00000000000000000000000000000100'.
Finding identical cells in module `$paramod\sum\WIDTH=s32'00000000000000000000000000000100'.
Finding identical cells in module `\CORDIC_Pipelined'.
<suppressed ~6 debug messages>
Removed a total of 2 cells.

11.3. Executing OPT_MUXTREE pass (detect dead branches in mux trees).
Running muxtree optimizer on module $paramod\register\WIDTH=s32'00000000000000000000000000000100..
  Creating internal representation of mux trees.
  No muxes found in this module.
Running muxtree optimizer on module $paramod\sum\WIDTH=s32'00000000000000000000000000000100..
  Creating internal representation of mux trees.
  No muxes found in this module.
Running muxtree optimizer on module \CORDIC_Pipelined..
  Creating internal representation of mux trees.
  No muxes found in this module.
Removed 0 multiplexer ports.

11.4. Executing OPT_REDUCE pass (consolidate $*mux and $reduce_* inputs).
  Optimizing cells in module $paramod\register\WIDTH=s32'00000000000000000000000000000100.
  Optimizing cells in module $paramod\sum\WIDTH=s32'00000000000000000000000000000100.
  Optimizing cells in module \CORDIC_Pipelined.
Performed a total of 0 changes.

11.5. Executing OPT_MERGE pass (detect identical cells).
Finding identical cells in module `$paramod\register\WIDTH=s32'00000000000000000000000000000100'.
Finding identical cells in module `$paramod\sum\WIDTH=s32'00000000000000000000000000000100'.
Finding identical cells in module `\CORDIC_Pipelined'.
Removed a total of 0 cells.

11.6. Executing OPT_DFF pass (perform DFF optimizations).

11.7. Executing OPT_CLEAN pass (remove unused cells and wires).
Finding unused cells or wires in module $paramod\register\WIDTH=s32'00000000000000000000000000000100..
Finding unused cells or wires in module $paramod\sum\WIDTH=s32'00000000000000000000000000000100..
Finding unused cells or wires in module \CORDIC_Pipelined..
Removed 69 unused cells and 524 unused wires.
<suppressed ~72 debug messages>

11.8. Executing OPT_EXPR pass (perform const folding).
Optimizing module $paramod\register\WIDTH=s32'00000000000000000000000000000100.
Optimizing module $paramod\sum\WIDTH=s32'00000000000000000000000000000100.
Optimizing module CORDIC_Pipelined.

11.9. Rerunning OPT passes. (Maybe there is more to do..)

11.10. Executing OPT_MUXTREE pass (detect dead branches in mux trees).
Running muxtree optimizer on module $paramod\register\WIDTH=s32'00000000000000000000000000000100..
  Creating internal representation of mux trees.
  No muxes found in this module.
Running muxtree optimizer on module $paramod\sum\WIDTH=s32'00000000000000000000000000000100..
  Creating internal representation of mux trees.
  No muxes found in this module.
Running muxtree optimizer on module \CORDIC_Pipelined..
  Creating internal representation of mux trees.
  No muxes found in this module.
Removed 0 multiplexer ports.

11.11. Executing OPT_REDUCE pass (consolidate $*mux and $reduce_* inputs).
  Optimizing cells in module $paramod\register\WIDTH=s32'00000000000000000000000000000100.
  Optimizing cells in module $paramod\sum\WIDTH=s32'00000000000000000000000000000100.
  Optimizing cells in module \CORDIC_Pipelined.
Performed a total of 0 changes.

11.12. Executing OPT_MERGE pass (detect identical cells).
Finding identical cells in module `$paramod\register\WIDTH=s32'00000000000000000000000000000100'.
Finding identical cells in module `$paramod\sum\WIDTH=s32'00000000000000000000000000000100'.
Finding identical cells in module `\CORDIC_Pipelined'.
Removed a total of 0 cells.

11.13. Executing OPT_DFF pass (perform DFF optimizations).

11.14. Executing OPT_CLEAN pass (remove unused cells and wires).
Finding unused cells or wires in module $paramod\register\WIDTH=s32'00000000000000000000000000000100..
Finding unused cells or wires in module $paramod\sum\WIDTH=s32'00000000000000000000000000000100..
Finding unused cells or wires in module \CORDIC_Pipelined..

11.15. Executing OPT_EXPR pass (perform const folding).
Optimizing module $paramod\register\WIDTH=s32'00000000000000000000000000000100.
Optimizing module $paramod\sum\WIDTH=s32'00000000000000000000000000000100.
Optimizing module CORDIC_Pipelined.

11.16. Finished OPT passes. (There is nothing left to do.)

12. Executing DFFLIBMAP pass (mapping DFF cells to sequential cells from liberty file).
Warning: Found unsupported expression 'SE*SI+D*!SE' in pin attribute of cell 'SDFFRS_X1' - skipping.
Warning: Found unsupported expression 'SE*SI+D*!SE' in pin attribute of cell 'SDFFRS_X2' - skipping.
Warning: Found unsupported expression 'SE*SI+D*!SE' in pin attribute of cell 'SDFFR_X1' - skipping.
Warning: Found unsupported expression 'SE*SI+D*!SE' in pin attribute of cell 'SDFFR_X2' - skipping.
Warning: Found unsupported expression 'SE*SI+D*!SE' in pin attribute of cell 'SDFFS_X1' - skipping.
Warning: Found unsupported expression 'SE*SI+D*!SE' in pin attribute of cell 'SDFFS_X2' - skipping.
Warning: Found unsupported expression 'SE*SI+D*!SE' in pin attribute of cell 'SDFF_X1' - skipping.
Warning: Found unsupported expression 'SE*SI+D*!SE' in pin attribute of cell 'SDFF_X2' - skipping.
  cell DFF_X1 (noninv, pins=4, area=4.52) is a direct match for cell type $_DFF_P_.
Warning: Found unsupported expression 'SE*SI+D*!SE' in pin attribute of cell 'SDFFRS_X1' - skipping.
Warning: Found unsupported expression 'SE*SI+D*!SE' in pin attribute of cell 'SDFFRS_X2' - skipping.
Warning: Found unsupported expression 'SE*SI+D*!SE' in pin attribute of cell 'SDFFR_X1' - skipping.
Warning: Found unsupported expression 'SE*SI+D*!SE' in pin attribute of cell 'SDFFR_X2' - skipping.
Warning: Found unsupported expression 'SE*SI+D*!SE' in pin attribute of cell 'SDFFS_X1' - skipping.
Warning: Found unsupported expression 'SE*SI+D*!SE' in pin attribute of cell 'SDFFS_X2' - skipping.
Warning: Found unsupported expression 'SE*SI+D*!SE' in pin attribute of cell 'SDFF_X1' - skipping.
Warning: Found unsupported expression 'SE*SI+D*!SE' in pin attribute of cell 'SDFF_X2' - skipping.
  cell DFFR_X1 (noninv, pins=5, area=5.32) is a direct match for cell type $_DFF_PN0_.
Warning: Found unsupported expression 'SE*SI+D*!SE' in pin attribute of cell 'SDFFRS_X1' - skipping.
Warning: Found unsupported expression 'SE*SI+D*!SE' in pin attribute of cell 'SDFFRS_X2' - skipping.
Warning: Found unsupported expression 'SE*SI+D*!SE' in pin attribute of cell 'SDFFR_X1' - skipping.
Warning: Found unsupported expression 'SE*SI+D*!SE' in pin attribute of cell 'SDFFR_X2' - skipping.
Warning: Found unsupported expression 'SE*SI+D*!SE' in pin attribute of cell 'SDFFS_X1' - skipping.
Warning: Found unsupported expression 'SE*SI+D*!SE' in pin attribute of cell 'SDFFS_X2' - skipping.
Warning: Found unsupported expression 'SE*SI+D*!SE' in pin attribute of cell 'SDFF_X1' - skipping.
Warning: Found unsupported expression 'SE*SI+D*!SE' in pin attribute of cell 'SDFF_X2' - skipping.
  cell DFFS_X1 (noninv, pins=5, area=5.32) is a direct match for cell type $_DFF_PN1_.
Warning: Found unsupported expression 'SE*SI+D*!SE' in pin attribute of cell 'SDFFRS_X1' - skipping.
Warning: Found unsupported expression 'SE*SI+D*!SE' in pin attribute of cell 'SDFFRS_X2' - skipping.
Warning: Found unsupported expression 'SE*SI+D*!SE' in pin attribute of cell 'SDFFR_X1' - skipping.
Warning: Found unsupported expression 'SE*SI+D*!SE' in pin attribute of cell 'SDFFR_X2' - skipping.
Warning: Found unsupported expression 'SE*SI+D*!SE' in pin attribute of cell 'SDFFS_X1' - skipping.
Warning: Found unsupported expression 'SE*SI+D*!SE' in pin attribute of cell 'SDFFS_X2' - skipping.
Warning: Found unsupported expression 'SE*SI+D*!SE' in pin attribute of cell 'SDFF_X1' - skipping.
Warning: Found unsupported expression 'SE*SI+D*!SE' in pin attribute of cell 'SDFF_X2' - skipping.
Warning: Found unsupported expression 'SE*SI+D*!SE' in pin attribute of cell 'SDFFRS_X1' - skipping.
Warning: Found unsupported expression 'SE*SI+D*!SE' in pin attribute of cell 'SDFFRS_X2' - skipping.
Warning: Found unsupported expression 'SE*SI+D*!SE' in pin attribute of cell 'SDFFR_X1' - skipping.
Warning: Found unsupported expression 'SE*SI+D*!SE' in pin attribute of cell 'SDFFR_X2' - skipping.
Warning: Found unsupported expression 'SE*SI+D*!SE' in pin attribute of cell 'SDFFS_X1' - skipping.
Warning: Found unsupported expression 'SE*SI+D*!SE' in pin attribute of cell 'SDFFS_X2' - skipping.
Warning: Found unsupported expression 'SE*SI+D*!SE' in pin attribute of cell 'SDFF_X1' - skipping.
Warning: Found unsupported expression 'SE*SI+D*!SE' in pin attribute of cell 'SDFF_X2' - skipping.
Warning: Found unsupported expression 'SE*SI+D*!SE' in pin attribute of cell 'SDFFRS_X1' - skipping.
Warning: Found unsupported expression 'SE*SI+D*!SE' in pin attribute of cell 'SDFFRS_X2' - skipping.
Warning: Found unsupported expression 'SE*SI+D*!SE' in pin attribute of cell 'SDFFR_X1' - skipping.
Warning: Found unsupported expression 'SE*SI+D*!SE' in pin attribute of cell 'SDFFR_X2' - skipping.
Warning: Found unsupported expression 'SE*SI+D*!SE' in pin attribute of cell 'SDFFS_X1' - skipping.
Warning: Found unsupported expression 'SE*SI+D*!SE' in pin attribute of cell 'SDFFS_X2' - skipping.
Warning: Found unsupported expression 'SE*SI+D*!SE' in pin attribute of cell 'SDFF_X1' - skipping.
Warning: Found unsupported expression 'SE*SI+D*!SE' in pin attribute of cell 'SDFF_X2' - skipping.
  cell DFFRS_X1 (noninv, pins=6, area=6.38) is a direct match for cell type $_DFFSR_PNN_.
Warning: Found unsupported expression 'SE*SI+D*!SE' in pin attribute of cell 'SDFFRS_X1' - skipping.
Warning: Found unsupported expression 'SE*SI+D*!SE' in pin attribute of cell 'SDFFRS_X2' - skipping.
Warning: Found unsupported expression 'SE*SI+D*!SE' in pin attribute of cell 'SDFFR_X1' - skipping.
Warning: Found unsupported expression 'SE*SI+D*!SE' in pin attribute of cell 'SDFFR_X2' - skipping.
Warning: Found unsupported expression 'SE*SI+D*!SE' in pin attribute of cell 'SDFFS_X1' - skipping.
Warning: Found unsupported expression 'SE*SI+D*!SE' in pin attribute of cell 'SDFFS_X2' - skipping.
Warning: Found unsupported expression 'SE*SI+D*!SE' in pin attribute of cell 'SDFF_X1' - skipping.
Warning: Found unsupported expression 'SE*SI+D*!SE' in pin attribute of cell 'SDFF_X2' - skipping.
Warning: Found unsupported expression 'SE*SI+D*!SE' in pin attribute of cell 'SDFFRS_X1' - skipping.
Warning: Found unsupported expression 'SE*SI+D*!SE' in pin attribute of cell 'SDFFRS_X2' - skipping.
Warning: Found unsupported expression 'SE*SI+D*!SE' in pin attribute of cell 'SDFFR_X1' - skipping.
Warning: Found unsupported expression 'SE*SI+D*!SE' in pin attribute of cell 'SDFFR_X2' - skipping.
Warning: Found unsupported expression 'SE*SI+D*!SE' in pin attribute of cell 'SDFFS_X1' - skipping.
Warning: Found unsupported expression 'SE*SI+D*!SE' in pin attribute of cell 'SDFFS_X2' - skipping.
Warning: Found unsupported expression 'SE*SI+D*!SE' in pin attribute of cell 'SDFF_X1' - skipping.
Warning: Found unsupported expression 'SE*SI+D*!SE' in pin attribute of cell 'SDFF_X2' - skipping.
Warning: Found unsupported expression 'SE*SI+D*!SE' in pin attribute of cell 'SDFFRS_X1' - skipping.
Warning: Found unsupported expression 'SE*SI+D*!SE' in pin attribute of cell 'SDFFRS_X2' - skipping.
Warning: Found unsupported expression 'SE*SI+D*!SE' in pin attribute of cell 'SDFFR_X1' - skipping.
Warning: Found unsupported expression 'SE*SI+D*!SE' in pin attribute of cell 'SDFFR_X2' - skipping.
Warning: Found unsupported expression 'SE*SI+D*!SE' in pin attribute of cell 'SDFFS_X1' - skipping.
Warning: Found unsupported expression 'SE*SI+D*!SE' in pin attribute of cell 'SDFFS_X2' - skipping.
Warning: Found unsupported expression 'SE*SI+D*!SE' in pin attribute of cell 'SDFF_X1' - skipping.
Warning: Found unsupported expression 'SE*SI+D*!SE' in pin attribute of cell 'SDFF_X2' - skipping.
  final dff cell mappings:
    unmapped dff cell: $_DFF_N_
    \DFF_X1 _DFF_P_ (.CK( C), .D( D), .Q( Q), .QN(~Q));
    unmapped dff cell: $_DFF_NN0_
    unmapped dff cell: $_DFF_NN1_
    unmapped dff cell: $_DFF_NP0_
    unmapped dff cell: $_DFF_NP1_
    \DFFR_X1 _DFF_PN0_ (.CK( C), .D( D), .Q( Q), .QN(~Q), .RN( R));
    \DFFS_X1 _DFF_PN1_ (.CK( C), .D( D), .Q( Q), .QN(~Q), .SN( R));
    unmapped dff cell: $_DFF_PP0_
    unmapped dff cell: $_DFF_PP1_
    unmapped dff cell: $_DFFSR_NNN_
    unmapped dff cell: $_DFFSR_NNP_
    unmapped dff cell: $_DFFSR_NPN_
    unmapped dff cell: $_DFFSR_NPP_
    \DFFRS_X1 _DFFSR_PNN_ (.CK( C), .D( D), .Q( Q), .QN(~Q), .RN( R), .SN( S));
    unmapped dff cell: $_DFFSR_PNP_
    unmapped dff cell: $_DFFSR_PPN_
    unmapped dff cell: $_DFFSR_PPP_

12.1. Executing DFFLEGALIZE pass (convert FFs to types supported by the target).
Mapping DFF cells in module `$paramod\register\WIDTH=s32'00000000000000000000000000000100':
  mapped 12 $_DFF_P_ cells to \DFF_X1 cells.
Mapping DFF cells in module `$paramod\sum\WIDTH=s32'00000000000000000000000000000100':
Mapping DFF cells in module `\CORDIC_Pipelined':

13. Executing OPT pass (performing simple optimizations).

13.1. Executing OPT_EXPR pass (perform const folding).
Optimizing module $paramod\register\WIDTH=s32'00000000000000000000000000000100.
Optimizing module $paramod\sum\WIDTH=s32'00000000000000000000000000000100.
Optimizing module CORDIC_Pipelined.

13.2. Executing OPT_MERGE pass (detect identical cells).
Finding identical cells in module `$paramod\register\WIDTH=s32'00000000000000000000000000000100'.
Finding identical cells in module `$paramod\sum\WIDTH=s32'00000000000000000000000000000100'.
Finding identical cells in module `\CORDIC_Pipelined'.
Removed a total of 0 cells.

13.3. Executing OPT_MUXTREE pass (detect dead branches in mux trees).
Running muxtree optimizer on module $paramod\register\WIDTH=s32'00000000000000000000000000000100..
  Creating internal representation of mux trees.
  No muxes found in this module.
Running muxtree optimizer on module $paramod\sum\WIDTH=s32'00000000000000000000000000000100..
  Creating internal representation of mux trees.
  No muxes found in this module.
Running muxtree optimizer on module \CORDIC_Pipelined..
  Creating internal representation of mux trees.
  No muxes found in this module.
Removed 0 multiplexer ports.

13.4. Executing OPT_REDUCE pass (consolidate $*mux and $reduce_* inputs).
  Optimizing cells in module $paramod\register\WIDTH=s32'00000000000000000000000000000100.
  Optimizing cells in module $paramod\sum\WIDTH=s32'00000000000000000000000000000100.
  Optimizing cells in module \CORDIC_Pipelined.
Performed a total of 0 changes.

13.5. Executing OPT_MERGE pass (detect identical cells).
Finding identical cells in module `$paramod\register\WIDTH=s32'00000000000000000000000000000100'.
Finding identical cells in module `$paramod\sum\WIDTH=s32'00000000000000000000000000000100'.
Finding identical cells in module `\CORDIC_Pipelined'.
Removed a total of 0 cells.

13.6. Executing OPT_DFF pass (perform DFF optimizations).

13.7. Executing OPT_CLEAN pass (remove unused cells and wires).
Finding unused cells or wires in module $paramod\register\WIDTH=s32'00000000000000000000000000000100..
Finding unused cells or wires in module $paramod\sum\WIDTH=s32'00000000000000000000000000000100..
Finding unused cells or wires in module \CORDIC_Pipelined..

13.8. Executing OPT_EXPR pass (perform const folding).
Optimizing module $paramod\register\WIDTH=s32'00000000000000000000000000000100.
Optimizing module $paramod\sum\WIDTH=s32'00000000000000000000000000000100.
Optimizing module CORDIC_Pipelined.

13.9. Finished OPT passes. (There is nothing left to do.)

14. Executing ABC pass (technology mapping using ABC).

14.1. Extracting gate netlist of module `$paramod\register\WIDTH=s32'00000000000000000000000000000100' to `<abc-temp-dir>/input.blif'..
Extracted 12 gates and 26 wires to a netlist network with 13 inputs and 12 outputs.

14.1.1. Executing ABC.
Running ABC command: "<yosys-exe-dir>/yosys-abc" -s -f <abc-temp-dir>/abc.script 2>&1
ABC: ABC command line: "source <abc-temp-dir>/abc.script".
ABC: 
ABC: + read_blif <abc-temp-dir>/input.blif 
ABC: + read_lib -w /mnt/d/VLSI/Projects/NangateOpenCellLibrary_typical.lib 
ABC: Parsing finished successfully.  Parsing time =     0.06 sec
ABC: Scl_LibertyReadGenlib() skipped cell "ANTENNA_X1" due to dont_use attribute.
ABC: Scl_LibertyReadGenlib() skipped cell "CLKGATETST_X1" without logic function.
ABC: Scl_LibertyReadGenlib() skipped cell "CLKGATETST_X2" without logic function.
ABC: Scl_LibertyReadGenlib() skipped cell "CLKGATETST_X4" without logic function.
ABC: Scl_LibertyReadGenlib() skipped cell "CLKGATETST_X8" without logic function.
ABC: Scl_LibertyReadGenlib() skipped cell "CLKGATE_X1" without logic function.
ABC: Scl_LibertyReadGenlib() skipped cell "CLKGATE_X2" without logic function.
ABC: Scl_LibertyReadGenlib() skipped cell "CLKGATE_X4" without logic function.
ABC: Scl_LibertyReadGenlib() skipped cell "CLKGATE_X8" without logic function.
ABC: Scl_LibertyReadGenlib() skipped sequential cell "DFFRS_X1".
ABC: Scl_LibertyReadGenlib() skipped sequential cell "DFFRS_X2".
ABC: Scl_LibertyReadGenlib() skipped sequential cell "DFFR_X1".
ABC: Scl_LibertyReadGenlib() skipped sequential cell "DFFR_X2".
ABC: Scl_LibertyReadGenlib() skipped sequential cell "DFFS_X1".
ABC: Scl_LibertyReadGenlib() skipped sequential cell "DFFS_X2".
ABC: Scl_LibertyReadGenlib() skipped sequential cell "DFF_X1".
ABC: Scl_LibertyReadGenlib() skipped sequential cell "DFF_X2".
ABC: Scl_LibertyReadGenlib() skipped sequential cell "DLH_X1".
ABC: Scl_LibertyReadGenlib() skipped sequential cell "DLH_X2".
ABC: Scl_LibertyReadGenlib() skipped sequential cell "DLL_X1".
ABC: Scl_LibertyReadGenlib() skipped sequential cell "DLL_X2".
ABC: Scl_LibertyReadGenlib() skipped cell "FILLCELL_X1" due to dont_use attribute.
ABC: Scl_LibertyReadGenlib() skipped cell "TAPCELL_X1" due to dont_use attribute.
ABC: Scl_LibertyReadGenlib() skipped cell "FILLCELL_X2" due to dont_use attribute.
ABC: Scl_LibertyReadGenlib() skipped cell "FILLCELL_X4" due to dont_use attribute.
ABC: Scl_LibertyReadGenlib() skipped cell "FILLCELL_X8" due to dont_use attribute.
ABC: Scl_LibertyReadGenlib() skipped cell "FILLCELL_X16" due to dont_use attribute.
ABC: Scl_LibertyReadGenlib() skipped cell "FILLCELL_X32" due to dont_use attribute.
ABC: Scl_LibertyReadGenlib() skipped cell "LOGIC0_X1" due to dont_use attribute.
ABC: Scl_LibertyReadGenlib() skipped cell "LOGIC1_X1" due to dont_use attribute.
ABC: Scl_LibertyReadGenlib() skipped sequential cell "SDFFRS_X1".
ABC: Scl_LibertyReadGenlib() skipped sequential cell "SDFFRS_X2".
ABC: Scl_LibertyReadGenlib() skipped sequential cell "SDFFR_X1".
ABC: Scl_LibertyReadGenlib() skipped sequential cell "SDFFR_X2".
ABC: Scl_LibertyReadGenlib() skipped sequential cell "SDFFS_X1".
ABC: Scl_LibertyReadGenlib() skipped sequential cell "SDFFS_X2".
ABC: Scl_LibertyReadGenlib() skipped sequential cell "SDFF_X1".
ABC: Scl_LibertyReadGenlib() skipped sequential cell "SDFF_X2".
ABC: Scl_LibertyReadGenlib() skipped three-state cell "TBUF_X1".
ABC: Scl_LibertyReadGenlib() skipped three-state cell "TBUF_X2".
ABC: Scl_LibertyReadGenlib() skipped three-state cell "TBUF_X4".
ABC: Scl_LibertyReadGenlib() skipped three-state cell "TBUF_X8".
ABC: Scl_LibertyReadGenlib() skipped three-state cell "TBUF_X16".
ABC: Scl_LibertyReadGenlib() skipped three-state cell "TINV_X1".
ABC: Scl_LibertyReadGenlib() skipped sequential cell "TLAT_X1".
ABC: Library "NangateOpenCellLibrary" from "/mnt/d/VLSI/Projects/NangateOpenCellLibrary_typical.lib" has 90 cells (35 skipped: 21 seq; 6 tri-state; 8 no func; 10 dont_use).  Time =     0.10 sec
ABC: Memory =   11.51 MB. Time =     0.10 sec
ABC: Warning: Detected 2 multi-output gates (for example, "FA_X1").
ABC: + strash 
ABC: + &get -n 
ABC: + &fraig -x 
ABC: + &put 
ABC: + scorr 
ABC: Warning: The network is combinational (run "fraig" or "fraig_sweep").
ABC: + dc2 
ABC: + dretime 
ABC: + strash 
ABC: + &get -n 
ABC: + &dch -f 
ABC: + &nf 
ABC: + &put 
ABC: + write_blif <abc-temp-dir>/output.blif 

14.1.2. Re-integrating ABC results.
ABC RESULTS:            INV_X1 cells:       12
ABC RESULTS:           NOR2_X1 cells:       12
ABC RESULTS:        internal signals:        1
ABC RESULTS:           input signals:       13
ABC RESULTS:          output signals:       12
Removing temp directory.

14.2. Extracting gate netlist of module `$paramod\sum\WIDTH=s32'00000000000000000000000000000100' to `<abc-temp-dir>/input.blif'..
Extracted 138 gates and 163 wires to a netlist network with 25 inputs and 12 outputs.

14.2.1. Executing ABC.
Running ABC command: "<yosys-exe-dir>/yosys-abc" -s -f <abc-temp-dir>/abc.script 2>&1
ABC: ABC command line: "source <abc-temp-dir>/abc.script".
ABC: 
ABC: + read_blif <abc-temp-dir>/input.blif 
ABC: + read_lib -w /mnt/d/VLSI/Projects/NangateOpenCellLibrary_typical.lib 
ABC: Parsing finished successfully.  Parsing time =     0.05 sec
ABC: Scl_LibertyReadGenlib() skipped cell "ANTENNA_X1" due to dont_use attribute.
ABC: Scl_LibertyReadGenlib() skipped cell "CLKGATETST_X1" without logic function.
ABC: Scl_LibertyReadGenlib() skipped cell "CLKGATETST_X2" without logic function.
ABC: Scl_LibertyReadGenlib() skipped cell "CLKGATETST_X4" without logic function.
ABC: Scl_LibertyReadGenlib() skipped cell "CLKGATETST_X8" without logic function.
ABC: Scl_LibertyReadGenlib() skipped cell "CLKGATE_X1" without logic function.
ABC: Scl_LibertyReadGenlib() skipped cell "CLKGATE_X2" without logic function.
ABC: Scl_LibertyReadGenlib() skipped cell "CLKGATE_X4" without logic function.
ABC: Scl_LibertyReadGenlib() skipped cell "CLKGATE_X8" without logic function.
ABC: Scl_LibertyReadGenlib() skipped sequential cell "DFFRS_X1".
ABC: Scl_LibertyReadGenlib() skipped sequential cell "DFFRS_X2".
ABC: Scl_LibertyReadGenlib() skipped sequential cell "DFFR_X1".
ABC: Scl_LibertyReadGenlib() skipped sequential cell "DFFR_X2".
ABC: Scl_LibertyReadGenlib() skipped sequential cell "DFFS_X1".
ABC: Scl_LibertyReadGenlib() skipped sequential cell "DFFS_X2".
ABC: Scl_LibertyReadGenlib() skipped sequential cell "DFF_X1".
ABC: Scl_LibertyReadGenlib() skipped sequential cell "DFF_X2".
ABC: Scl_LibertyReadGenlib() skipped sequential cell "DLH_X1".
ABC: Scl_LibertyReadGenlib() skipped sequential cell "DLH_X2".
ABC: Scl_LibertyReadGenlib() skipped sequential cell "DLL_X1".
ABC: Scl_LibertyReadGenlib() skipped sequential cell "DLL_X2".
ABC: Scl_LibertyReadGenlib() skipped cell "FILLCELL_X1" due to dont_use attribute.
ABC: Scl_LibertyReadGenlib() skipped cell "TAPCELL_X1" due to dont_use attribute.
ABC: Scl_LibertyReadGenlib() skipped cell "FILLCELL_X2" due to dont_use attribute.
ABC: Scl_LibertyReadGenlib() skipped cell "FILLCELL_X4" due to dont_use attribute.
ABC: Scl_LibertyReadGenlib() skipped cell "FILLCELL_X8" due to dont_use attribute.
ABC: Scl_LibertyReadGenlib() skipped cell "FILLCELL_X16" due to dont_use attribute.
ABC: Scl_LibertyReadGenlib() skipped cell "FILLCELL_X32" due to dont_use attribute.
ABC: Scl_LibertyReadGenlib() skipped cell "LOGIC0_X1" due to dont_use attribute.
ABC: Scl_LibertyReadGenlib() skipped cell "LOGIC1_X1" due to dont_use attribute.
ABC: Scl_LibertyReadGenlib() skipped sequential cell "SDFFRS_X1".
ABC: Scl_LibertyReadGenlib() skipped sequential cell "SDFFRS_X2".
ABC: Scl_LibertyReadGenlib() skipped sequential cell "SDFFR_X1".
ABC: Scl_LibertyReadGenlib() skipped sequential cell "SDFFR_X2".
ABC: Scl_LibertyReadGenlib() skipped sequential cell "SDFFS_X1".
ABC: Scl_LibertyReadGenlib() skipped sequential cell "SDFFS_X2".
ABC: Scl_LibertyReadGenlib() skipped sequential cell "SDFF_X1".
ABC: Scl_LibertyReadGenlib() skipped sequential cell "SDFF_X2".
ABC: Scl_LibertyReadGenlib() skipped three-state cell "TBUF_X1".
ABC: Scl_LibertyReadGenlib() skipped three-state cell "TBUF_X2".
ABC: Scl_LibertyReadGenlib() skipped three-state cell "TBUF_X4".
ABC: Scl_LibertyReadGenlib() skipped three-state cell "TBUF_X8".
ABC: Scl_LibertyReadGenlib() skipped three-state cell "TBUF_X16".
ABC: Scl_LibertyReadGenlib() skipped three-state cell "TINV_X1".
ABC: Scl_LibertyReadGenlib() skipped sequential cell "TLAT_X1".
ABC: Library "NangateOpenCellLibrary" from "/mnt/d/VLSI/Projects/NangateOpenCellLibrary_typical.lib" has 90 cells (35 skipped: 21 seq; 6 tri-state; 8 no func; 10 dont_use).  Time =     0.08 sec
ABC: Memory =   11.51 MB. Time =     0.08 sec
ABC: Warning: Detected 2 multi-output gates (for example, "FA_X1").
ABC: + strash 
ABC: + &get -n 
ABC: + &fraig -x 
ABC: + &put 
ABC: + scorr 
ABC: Warning: The network is combinational (run "fraig" or "fraig_sweep").
ABC: + dc2 
ABC: + dretime 
ABC: + strash 
ABC: + &get -n 
ABC: + &dch -f 
ABC: + &nf 
ABC: + &put 
ABC: + write_blif <abc-temp-dir>/output.blif 

14.2.2. Re-integrating ABC results.
ABC RESULTS:            INV_X1 cells:        9
ABC RESULTS:           NOR3_X1 cells:        1
ABC RESULTS:           AND2_X1 cells:        6
ABC RESULTS:          NAND2_X1 cells:       10
ABC RESULTS:           NOR2_X1 cells:        6
ABC RESULTS:            OR3_X1 cells:        2
ABC RESULTS:           XOR2_X1 cells:       13
ABC RESULTS:          AOI21_X1 cells:       10
ABC RESULTS:          OAI21_X1 cells:       12
ABC RESULTS:          AOI22_X1 cells:        3
ABC RESULTS:          XNOR2_X1 cells:        8
ABC RESULTS:        internal signals:      126
ABC RESULTS:           input signals:       25
ABC RESULTS:          output signals:       12
Removing temp directory.

14.3. Extracting gate netlist of module `\CORDIC_Pipelined' to `<abc-temp-dir>/input.blif'..
Extracted 28 gates and 55 wires to a netlist network with 26 inputs and 28 outputs.

14.3.1. Executing ABC.
Running ABC command: "<yosys-exe-dir>/yosys-abc" -s -f <abc-temp-dir>/abc.script 2>&1
ABC: ABC command line: "source <abc-temp-dir>/abc.script".
ABC: 
ABC: + read_blif <abc-temp-dir>/input.blif 
ABC: + read_lib -w /mnt/d/VLSI/Projects/NangateOpenCellLibrary_typical.lib 
ABC: Parsing finished successfully.  Parsing time =     0.05 sec
ABC: Scl_LibertyReadGenlib() skipped cell "ANTENNA_X1" due to dont_use attribute.
ABC: Scl_LibertyReadGenlib() skipped cell "CLKGATETST_X1" without logic function.
ABC: Scl_LibertyReadGenlib() skipped cell "CLKGATETST_X2" without logic function.
ABC: Scl_LibertyReadGenlib() skipped cell "CLKGATETST_X4" without logic function.
ABC: Scl_LibertyReadGenlib() skipped cell "CLKGATETST_X8" without logic function.
ABC: Scl_LibertyReadGenlib() skipped cell "CLKGATE_X1" without logic function.
ABC: Scl_LibertyReadGenlib() skipped cell "CLKGATE_X2" without logic function.
ABC: Scl_LibertyReadGenlib() skipped cell "CLKGATE_X4" without logic function.
ABC: Scl_LibertyReadGenlib() skipped cell "CLKGATE_X8" without logic function.
ABC: Scl_LibertyReadGenlib() skipped sequential cell "DFFRS_X1".
ABC: Scl_LibertyReadGenlib() skipped sequential cell "DFFRS_X2".
ABC: Scl_LibertyReadGenlib() skipped sequential cell "DFFR_X1".
ABC: Scl_LibertyReadGenlib() skipped sequential cell "DFFR_X2".
ABC: Scl_LibertyReadGenlib() skipped sequential cell "DFFS_X1".
ABC: Scl_LibertyReadGenlib() skipped sequential cell "DFFS_X2".
ABC: Scl_LibertyReadGenlib() skipped sequential cell "DFF_X1".
ABC: Scl_LibertyReadGenlib() skipped sequential cell "DFF_X2".
ABC: Scl_LibertyReadGenlib() skipped sequential cell "DLH_X1".
ABC: Scl_LibertyReadGenlib() skipped sequential cell "DLH_X2".
ABC: Scl_LibertyReadGenlib() skipped sequential cell "DLL_X1".
ABC: Scl_LibertyReadGenlib() skipped sequential cell "DLL_X2".
ABC: Scl_LibertyReadGenlib() skipped cell "FILLCELL_X1" due to dont_use attribute.
ABC: Scl_LibertyReadGenlib() skipped cell "TAPCELL_X1" due to dont_use attribute.
ABC: Scl_LibertyReadGenlib() skipped cell "FILLCELL_X2" due to dont_use attribute.
ABC: Scl_LibertyReadGenlib() skipped cell "FILLCELL_X4" due to dont_use attribute.
ABC: Scl_LibertyReadGenlib() skipped cell "FILLCELL_X8" due to dont_use attribute.
ABC: Scl_LibertyReadGenlib() skipped cell "FILLCELL_X16" due to dont_use attribute.
ABC: Scl_LibertyReadGenlib() skipped cell "FILLCELL_X32" due to dont_use attribute.
ABC: Scl_LibertyReadGenlib() skipped cell "LOGIC0_X1" due to dont_use attribute.
ABC: Scl_LibertyReadGenlib() skipped cell "LOGIC1_X1" due to dont_use attribute.
ABC: Scl_LibertyReadGenlib() skipped sequential cell "SDFFRS_X1".
ABC: Scl_LibertyReadGenlib() skipped sequential cell "SDFFRS_X2".
ABC: Scl_LibertyReadGenlib() skipped sequential cell "SDFFR_X1".
ABC: Scl_LibertyReadGenlib() skipped sequential cell "SDFFR_X2".
ABC: Scl_LibertyReadGenlib() skipped sequential cell "SDFFS_X1".
ABC: Scl_LibertyReadGenlib() skipped sequential cell "SDFFS_X2".
ABC: Scl_LibertyReadGenlib() skipped sequential cell "SDFF_X1".
ABC: Scl_LibertyReadGenlib() skipped sequential cell "SDFF_X2".
ABC: Scl_LibertyReadGenlib() skipped three-state cell "TBUF_X1".
ABC: Scl_LibertyReadGenlib() skipped three-state cell "TBUF_X2".
ABC: Scl_LibertyReadGenlib() skipped three-state cell "TBUF_X4".
ABC: Scl_LibertyReadGenlib() skipped three-state cell "TBUF_X8".
ABC: Scl_LibertyReadGenlib() skipped three-state cell "TBUF_X16".
ABC: Scl_LibertyReadGenlib() skipped three-state cell "TINV_X1".
ABC: Scl_LibertyReadGenlib() skipped sequential cell "TLAT_X1".
ABC: Library "NangateOpenCellLibrary" from "/mnt/d/VLSI/Projects/NangateOpenCellLibrary_typical.lib" has 90 cells (35 skipped: 21 seq; 6 tri-state; 8 no func; 10 dont_use).  Time =     0.09 sec
ABC: Memory =   11.51 MB. Time =     0.09 sec
ABC: Warning: Detected 2 multi-output gates (for example, "FA_X1").
ABC: + strash 
ABC: + &get -n 
ABC: + &fraig -x 
ABC: + &put 
ABC: + scorr 
ABC: Warning: The network is combinational (run "fraig" or "fraig_sweep").
ABC: + dc2 
ABC: + dretime 
ABC: + strash 
ABC: + &get -n 
ABC: + &dch -f 
ABC: + &nf 
ABC: + &put 
ABC: + write_blif <abc-temp-dir>/output.blif 

14.3.2. Re-integrating ABC results.
ABC RESULTS:            INV_X1 cells:        8
ABC RESULTS:           NOR2_X1 cells:        8
ABC RESULTS:           AND2_X1 cells:       20
ABC RESULTS:        internal signals:        1
ABC RESULTS:           input signals:       26
ABC RESULTS:          output signals:       28
Removing temp directory.

15. Executing FLATTEN pass (flatten design).
Deleting now unused module $paramod\register\WIDTH=s32'00000000000000000000000000000100.
Deleting now unused module $paramod\sum\WIDTH=s32'00000000000000000000000000000100.
<suppressed ~32 debug messages>

16. Executing SETUNDEF pass (replace undef values with defined constants).
Removed 0 unused cells and 2102 unused wires.

17. Executing IOPADMAP pass (mapping inputs/outputs to IO-PAD cells).
Mapping port CORDIC_Pipelined.angle using BUF_X2.
Don't map input port CORDIC_Pipelined.clk: Missing option -inpad.
Mapping port CORDIC_Pipelined.cosine using BUF_X2.
Don't map input port CORDIC_Pipelined.in_valid: Missing option -inpad.
Mapping port CORDIC_Pipelined.mag using BUF_X2.
Don't map input port CORDIC_Pipelined.mode: Missing option -inpad.
Mapping port CORDIC_Pipelined.out_valid using BUF_X2.
Don't map input port CORDIC_Pipelined.rst: Missing option -inpad.
Mapping port CORDIC_Pipelined.sine using BUF_X2.
Don't map input port CORDIC_Pipelined.theta_in: Missing option -inpad.
Don't map input port CORDIC_Pipelined.x_in: Missing option -inpad.
Don't map input port CORDIC_Pipelined.y_in: Missing option -inpad.

18. Executing OPT pass (performing simple optimizations).

18.1. Executing OPT_EXPR pass (perform const folding).
Optimizing module CORDIC_Pipelined.

18.2. Executing OPT_MERGE pass (detect identical cells).
Finding identical cells in module `\CORDIC_Pipelined'.
Removed a total of 0 cells.

18.3. Executing OPT_MUXTREE pass (detect dead branches in mux trees).
Running muxtree optimizer on module \CORDIC_Pipelined..
  Creating internal representation of mux trees.
  No muxes found in this module.
Removed 0 multiplexer ports.

18.4. Executing OPT_REDUCE pass (consolidate $*mux and $reduce_* inputs).
  Optimizing cells in module \CORDIC_Pipelined.
Performed a total of 0 changes.

18.5. Executing OPT_MERGE pass (detect identical cells).
Finding identical cells in module `\CORDIC_Pipelined'.
Removed a total of 0 cells.

18.6. Executing OPT_DFF pass (perform DFF optimizations).

18.7. Executing OPT_CLEAN pass (remove unused cells and wires).
Finding unused cells or wires in module \CORDIC_Pipelined..
Removed 0 unused cells and 1 unused wires.
<suppressed ~1 debug messages>

18.8. Executing OPT_EXPR pass (perform const folding).
Optimizing module CORDIC_Pipelined.

18.9. Rerunning OPT passes. (Maybe there is more to do..)

18.10. Executing OPT_MUXTREE pass (detect dead branches in mux trees).
Running muxtree optimizer on module \CORDIC_Pipelined..
  Creating internal representation of mux trees.
  No muxes found in this module.
Removed 0 multiplexer ports.

18.11. Executing OPT_REDUCE pass (consolidate $*mux and $reduce_* inputs).
  Optimizing cells in module \CORDIC_Pipelined.
Performed a total of 0 changes.

18.12. Executing OPT_MERGE pass (detect identical cells).
Finding identical cells in module `\CORDIC_Pipelined'.
Removed a total of 0 cells.

18.13. Executing OPT_DFF pass (perform DFF optimizations).

18.14. Executing OPT_CLEAN pass (remove unused cells and wires).
Finding unused cells or wires in module \CORDIC_Pipelined..

18.15. Executing OPT_EXPR pass (perform const folding).
Optimizing module CORDIC_Pipelined.

18.16. Finished OPT passes. (There is nothing left to do.)

19. Printing statistics.

=== CORDIC_Pipelined ===

   Number of wires:               1787
   Number of wire bits:           2117
   Number of public wires:         111
   Number of public wire bits:     429
   Number of memories:               0
   Number of memory bits:            0
   Number of processes:              0
   Number of cells:               1909
     AND2_X1                       116
     AOI21_X1                      160
     AOI22_X1                       48
     BUF_X2                         17
     DFF_X1                        192
     INV_X1                        344
     NAND2_X1                      160
     NOR2_X1                       296
     NOR3_X1                        16
     OAI21_X1                      192
     OR3_X1                         32
     XNOR2_X1                      128
     XOR2_X1                       208

   Chip area for module '\CORDIC_Pipelined': 2590.840000

20. Executing Verilog backend.

20.1. Executing BMUXMAP pass.

20.2. Executing DEMUXMAP pass.
Dumping module `\CORDIC_Pipelined'.

21. Generating Graphviz representation of design.
Writing dot description to `/home/subhash/.yosys_show.dot'.
Dumping module CORDIC_Pipelined to page 1.
Exec: { test -f '/home/subhash/.yosys_show.dot.pid' && fuser -s '/home/subhash/.yosys_show.dot.pid' 2> /dev/null; } || ( echo $$ >&3; exec xdot '/home/subhash/.yosys_show.dot'; ) 3> '/home/subhash/.yosys_show.dot.pid' &
